2025-11-30 02:46:23,183 INFO app_logger client:46 - User signed in: email=vikram.dev@pwc.com (uid=752110e1-4280-4bab-a935-2013305ed39b)
2025-11-30 02:46:23,218 ERROR app_logger client:163 - Unexpected error in run_query: 'Settings' object has no attribute 'POSTGRES_DB'
Traceback (most recent call last):
  File "/Users/vikram/Documents/projects/vendor_helpdesk_agent/database/client.py", line 130, in run_query
    result = await run_in_threadpool(_connect_and_exec, access_token)
             ^^^^^^^^^^^^^^^^^^^^^^^^^^^^^^^^^^^^^^^^^^^^^^^^^^^^^^^^
  File "/Users/vikram/Documents/projects/vendor_helpdesk_agent/venv/lib/python3.11/site-packages/starlette/concurrency.py", line 32, in run_in_threadpool
    return await anyio.to_thread.run_sync(func)
           ^^^^^^^^^^^^^^^^^^^^^^^^^^^^^^^^^^^^
  File "/Users/vikram/Documents/projects/vendor_helpdesk_agent/venv/lib/python3.11/site-packages/anyio/to_thread.py", line 61, in run_sync
    return await get_async_backend().run_sync_in_worker_thread(
           ^^^^^^^^^^^^^^^^^^^^^^^^^^^^^^^^^^^^^^^^^^^^^^^^^^^^
  File "/Users/vikram/Documents/projects/vendor_helpdesk_agent/venv/lib/python3.11/site-packages/anyio/_backends/_asyncio.py", line 2525, in run_sync_in_worker_thread
    return await future
           ^^^^^^^^^^^^
  File "/Users/vikram/Documents/projects/vendor_helpdesk_agent/venv/lib/python3.11/site-packages/anyio/_backends/_asyncio.py", line 986, in run
    result = context.run(func, *args)
             ^^^^^^^^^^^^^^^^^^^^^^^^
  File "/Users/vikram/Documents/projects/vendor_helpdesk_agent/database/client.py", line 75, in _connect_and_exec
    dbname=settings.POSTGRES_DB,
           ^^^^^^^^^^^^^^^^^^^^
  File "/Users/vikram/Documents/projects/vendor_helpdesk_agent/venv/lib/python3.11/site-packages/pydantic/main.py", line 1026, in __getattr__
    raise AttributeError(f'{type(self).__name__!r} object has no attribute {item!r}')
AttributeError: 'Settings' object has no attribute 'POSTGRES_DB'
Traceback (most recent call last):
  File "/Users/vikram/Documents/projects/vendor_helpdesk_agent/database/client.py", line 130, in run_query
    result = await run_in_threadpool(_connect_and_exec, access_token)
             ^^^^^^^^^^^^^^^^^^^^^^^^^^^^^^^^^^^^^^^^^^^^^^^^^^^^^^^^
  File "/Users/vikram/Documents/projects/vendor_helpdesk_agent/venv/lib/python3.11/site-packages/starlette/concurrency.py", line 32, in run_in_threadpool
    return await anyio.to_thread.run_sync(func)
           ^^^^^^^^^^^^^^^^^^^^^^^^^^^^^^^^^^^^
  File "/Users/vikram/Documents/projects/vendor_helpdesk_agent/venv/lib/python3.11/site-packages/anyio/to_thread.py", line 61, in run_sync
    return await get_async_backend().run_sync_in_worker_thread(
           ^^^^^^^^^^^^^^^^^^^^^^^^^^^^^^^^^^^^^^^^^^^^^^^^^^^^
  File "/Users/vikram/Documents/projects/vendor_helpdesk_agent/venv/lib/python3.11/site-packages/anyio/_backends/_asyncio.py", line 2525, in run_sync_in_worker_thread
    return await future
           ^^^^^^^^^^^^
  File "/Users/vikram/Documents/projects/vendor_helpdesk_agent/venv/lib/python3.11/site-packages/anyio/_backends/_asyncio.py", line 986, in run
    result = context.run(func, *args)
             ^^^^^^^^^^^^^^^^^^^^^^^^
  File "/Users/vikram/Documents/projects/vendor_helpdesk_agent/database/client.py", line 75, in _connect_and_exec
    dbname=settings.POSTGRES_DB,
           ^^^^^^^^^^^^^^^^^^^^
  File "/Users/vikram/Documents/projects/vendor_helpdesk_agent/venv/lib/python3.11/site-packages/pydantic/main.py", line 1026, in __getattr__
    raise AttributeError(f'{type(self).__name__!r} object has no attribute {item!r}')
AttributeError: 'Settings' object has no attribute 'POSTGRES_DB'
2025-11-30 02:48:26,783 INFO app_logger client:46 - User signed in: email=vikram.dev@pwc.com (uid=752110e1-4280-4bab-a935-2013305ed39b)
2025-11-30 02:48:27,291 WARNING app_logger client:135 - DB OperationalError: connection failed: connection to server at "2406:da1a:6b0:f61c:675a:f590:628e:cce8", port 5432 failed: FATAL:  password authentication failed for user "postgres"
2025-11-30 02:48:27,291 INFO app_logger client:141 - Attempting to refresh access token with refresh_token
2025-11-30 02:48:27,442 INFO app_logger utils:29 - Refreshed tokens for session (uid=752110e1-4280-4bab-a935-2013305ed39b)
2025-11-30 02:48:27,715 ERROR app_logger client:154 - DB auth still failing after token refresh: connection failed: connection to server at "2406:da1a:6b0:f61c:675a:f590:628e:cce8", port 5432 failed: FATAL:  password authentication failed for user "postgres"
Traceback (most recent call last):
  File "/Users/vikram/Documents/projects/vendor_helpdesk_agent/database/client.py", line 130, in run_query
    result = await run_in_threadpool(_connect_and_exec, access_token)
             ^^^^^^^^^^^^^^^^^^^^^^^^^^^^^^^^^^^^^^^^^^^^^^^^^^^^^^^^
  File "/Users/vikram/Documents/projects/vendor_helpdesk_agent/venv/lib/python3.11/site-packages/starlette/concurrency.py", line 32, in run_in_threadpool
    return await anyio.to_thread.run_sync(func)
           ^^^^^^^^^^^^^^^^^^^^^^^^^^^^^^^^^^^^
  File "/Users/vikram/Documents/projects/vendor_helpdesk_agent/venv/lib/python3.11/site-packages/anyio/to_thread.py", line 61, in run_sync
    return await get_async_backend().run_sync_in_worker_thread(
           ^^^^^^^^^^^^^^^^^^^^^^^^^^^^^^^^^^^^^^^^^^^^^^^^^^^^
  File "/Users/vikram/Documents/projects/vendor_helpdesk_agent/venv/lib/python3.11/site-packages/anyio/_backends/_asyncio.py", line 2525, in run_sync_in_worker_thread
    return await future
           ^^^^^^^^^^^^
  File "/Users/vikram/Documents/projects/vendor_helpdesk_agent/venv/lib/python3.11/site-packages/anyio/_backends/_asyncio.py", line 986, in run
    result = context.run(func, *args)
             ^^^^^^^^^^^^^^^^^^^^^^^^
  File "/Users/vikram/Documents/projects/vendor_helpdesk_agent/database/client.py", line 72, in _connect_and_exec
    conn = psycopg.connect(
           ^^^^^^^^^^^^^^^^
  File "/Users/vikram/Documents/projects/vendor_helpdesk_agent/venv/lib/python3.11/site-packages/psycopg/connection.py", line 120, in connect
    raise last_ex.with_traceback(None)
psycopg.OperationalError: connection failed: connection to server at "2406:da1a:6b0:f61c:675a:f590:628e:cce8", port 5432 failed: FATAL:  password authentication failed for user "postgres"

During handling of the above exception, another exception occurred:

Traceback (most recent call last):
  File "/Users/vikram/Documents/projects/vendor_helpdesk_agent/database/client.py", line 150, in run_query
    result = await run_in_threadpool(_connect_and_exec, new_access)
             ^^^^^^^^^^^^^^^^^^^^^^^^^^^^^^^^^^^^^^^^^^^^^^^^^^^^^^
  File "/Users/vikram/Documents/projects/vendor_helpdesk_agent/venv/lib/python3.11/site-packages/anyio/_backends/_asyncio.py", line 2525, in run_sync_in_worker_thread
    return await future
           ^^^^^^^^^^^^
  File "/Users/vikram/Documents/projects/vendor_helpdesk_agent/venv/lib/python3.11/site-packages/anyio/_backends/_asyncio.py", line 986, in run
    result = context.run(func, *args)
             ^^^^^^^^^^^^^^^^^^^^^^^^
  File "/Users/vikram/Documents/projects/vendor_helpdesk_agent/database/client.py", line 72, in _connect_and_exec
    conn = psycopg.connect(
           ^^^^^^^^^^^^^^^^
  File "/Users/vikram/Documents/projects/vendor_helpdesk_agent/venv/lib/python3.11/site-packages/psycopg/connection.py", line 120, in connect
    raise last_ex.with_traceback(None)
psycopg.OperationalError: connection failed: connection to server at "2406:da1a:6b0:f61c:675a:f590:628e:cce8", port 5432 failed: FATAL:  password authentication failed for user "postgres"
2025-11-30 03:01:21,662 INFO app_logger client:46 - User signed in: email=vikram.dev@pwc.com (uid=752110e1-4280-4bab-a935-2013305ed39b)
2025-11-30 03:01:57,283 INFO app_logger client:46 - User signed in: email=vikram.dev@pwc.com (uid=752110e1-4280-4bab-a935-2013305ed39b)
2025-11-30 03:03:47,778 INFO app_logger client:46 - User signed in: email=vikram.dev@pwc.com (uid=752110e1-4280-4bab-a935-2013305ed39b)
2025-11-30 03:03:47,779 ERROR app_logger client:172 - Unexpected error in run_query: run_query.<locals>._connect_and_exec() takes 0 positional arguments but 1 was given
Traceback (most recent call last):
  File "/Users/vikram/Documents/projects/vendor_helpdesk_agent/database/client.py", line 139, in run_query
    result = await run_in_threadpool(_connect_and_exec, access_token)
             ^^^^^^^^^^^^^^^^^^^^^^^^^^^^^^^^^^^^^^^^^^^^^^^^^^^^^^^^
  File "/Users/vikram/Documents/projects/vendor_helpdesk_agent/venv/lib/python3.11/site-packages/starlette/concurrency.py", line 32, in run_in_threadpool
    return await anyio.to_thread.run_sync(func)
           ^^^^^^^^^^^^^^^^^^^^^^^^^^^^^^^^^^^^
  File "/Users/vikram/Documents/projects/vendor_helpdesk_agent/venv/lib/python3.11/site-packages/anyio/to_thread.py", line 61, in run_sync
    return await get_async_backend().run_sync_in_worker_thread(
           ^^^^^^^^^^^^^^^^^^^^^^^^^^^^^^^^^^^^^^^^^^^^^^^^^^^^
  File "/Users/vikram/Documents/projects/vendor_helpdesk_agent/venv/lib/python3.11/site-packages/anyio/_backends/_asyncio.py", line 2525, in run_sync_in_worker_thread
    return await future
           ^^^^^^^^^^^^
  File "/Users/vikram/Documents/projects/vendor_helpdesk_agent/venv/lib/python3.11/site-packages/anyio/_backends/_asyncio.py", line 986, in run
    result = context.run(func, *args)
             ^^^^^^^^^^^^^^^^^^^^^^^^
TypeError: run_query.<locals>._connect_and_exec() takes 0 positional arguments but 1 was given
Traceback (most recent call last):
  File "/Users/vikram/Documents/projects/vendor_helpdesk_agent/database/client.py", line 139, in run_query
    result = await run_in_threadpool(_connect_and_exec, access_token)
             ^^^^^^^^^^^^^^^^^^^^^^^^^^^^^^^^^^^^^^^^^^^^^^^^^^^^^^^^
  File "/Users/vikram/Documents/projects/vendor_helpdesk_agent/venv/lib/python3.11/site-packages/starlette/concurrency.py", line 32, in run_in_threadpool
    return await anyio.to_thread.run_sync(func)
           ^^^^^^^^^^^^^^^^^^^^^^^^^^^^^^^^^^^^
  File "/Users/vikram/Documents/projects/vendor_helpdesk_agent/venv/lib/python3.11/site-packages/anyio/to_thread.py", line 61, in run_sync
    return await get_async_backend().run_sync_in_worker_thread(
           ^^^^^^^^^^^^^^^^^^^^^^^^^^^^^^^^^^^^^^^^^^^^^^^^^^^^
  File "/Users/vikram/Documents/projects/vendor_helpdesk_agent/venv/lib/python3.11/site-packages/anyio/_backends/_asyncio.py", line 2525, in run_sync_in_worker_thread
    return await future
           ^^^^^^^^^^^^
  File "/Users/vikram/Documents/projects/vendor_helpdesk_agent/venv/lib/python3.11/site-packages/anyio/_backends/_asyncio.py", line 986, in run
    result = context.run(func, *args)
             ^^^^^^^^^^^^^^^^^^^^^^^^
TypeError: run_query.<locals>._connect_and_exec() takes 0 positional arguments but 1 was given
2025-11-30 03:12:38,595 INFO app_logger client:46 - User signed in: email=vikram.dev@pwc.com (uid=752110e1-4280-4bab-a935-2013305ed39b)
2025-11-30 03:12:39,112 ERROR app_logger client:174 - Unexpected error in run_query: string indices must be integers, not 'str'
Traceback (most recent call last):
  File "/Users/vikram/Documents/projects/vendor_helpdesk_agent/database/client.py", line 141, in run_query
    result = await run_in_threadpool(_connect_and_exec, access_token)
             ^^^^^^^^^^^^^^^^^^^^^^^^^^^^^^^^^^^^^^^^^^^^^^^^^^^^^^^^
  File "/Users/vikram/Documents/projects/vendor_helpdesk_agent/venv/lib/python3.11/site-packages/starlette/concurrency.py", line 32, in run_in_threadpool
    return await anyio.to_thread.run_sync(func)
           ^^^^^^^^^^^^^^^^^^^^^^^^^^^^^^^^^^^^
  File "/Users/vikram/Documents/projects/vendor_helpdesk_agent/venv/lib/python3.11/site-packages/anyio/to_thread.py", line 61, in run_sync
    return await get_async_backend().run_sync_in_worker_thread(
           ^^^^^^^^^^^^^^^^^^^^^^^^^^^^^^^^^^^^^^^^^^^^^^^^^^^^
  File "/Users/vikram/Documents/projects/vendor_helpdesk_agent/venv/lib/python3.11/site-packages/anyio/_backends/_asyncio.py", line 2525, in run_sync_in_worker_thread
    return await future
           ^^^^^^^^^^^^
  File "/Users/vikram/Documents/projects/vendor_helpdesk_agent/venv/lib/python3.11/site-packages/anyio/_backends/_asyncio.py", line 986, in run
    result = context.run(func, *args)
             ^^^^^^^^^^^^^^^^^^^^^^^^
  File "/Users/vikram/Documents/projects/vendor_helpdesk_agent/database/client.py", line 108, in _connect_and_exec
    sub_val = pg_escape(str(decoded_claims["sub"]))
                            ~~~~~~~~~~~~~~^^^^^^^
TypeError: string indices must be integers, not 'str'
Traceback (most recent call last):
  File "/Users/vikram/Documents/projects/vendor_helpdesk_agent/database/client.py", line 141, in run_query
    result = await run_in_threadpool(_connect_and_exec, access_token)
             ^^^^^^^^^^^^^^^^^^^^^^^^^^^^^^^^^^^^^^^^^^^^^^^^^^^^^^^^
  File "/Users/vikram/Documents/projects/vendor_helpdesk_agent/venv/lib/python3.11/site-packages/starlette/concurrency.py", line 32, in run_in_threadpool
    return await anyio.to_thread.run_sync(func)
           ^^^^^^^^^^^^^^^^^^^^^^^^^^^^^^^^^^^^
  File "/Users/vikram/Documents/projects/vendor_helpdesk_agent/venv/lib/python3.11/site-packages/anyio/to_thread.py", line 61, in run_sync
    return await get_async_backend().run_sync_in_worker_thread(
           ^^^^^^^^^^^^^^^^^^^^^^^^^^^^^^^^^^^^^^^^^^^^^^^^^^^^
  File "/Users/vikram/Documents/projects/vendor_helpdesk_agent/venv/lib/python3.11/site-packages/anyio/_backends/_asyncio.py", line 2525, in run_sync_in_worker_thread
    return await future
           ^^^^^^^^^^^^
  File "/Users/vikram/Documents/projects/vendor_helpdesk_agent/venv/lib/python3.11/site-packages/anyio/_backends/_asyncio.py", line 986, in run
    result = context.run(func, *args)
             ^^^^^^^^^^^^^^^^^^^^^^^^
  File "/Users/vikram/Documents/projects/vendor_helpdesk_agent/database/client.py", line 108, in _connect_and_exec
    sub_val = pg_escape(str(decoded_claims["sub"]))
                            ~~~~~~~~~~~~~~^^^^^^^
TypeError: string indices must be integers, not 'str'
2025-11-30 03:13:35,686 INFO app_logger client:46 - User signed in: email=vikram.dev@pwc.com (uid=752110e1-4280-4bab-a935-2013305ed39b)
2025-11-30 03:13:36,250 INFO app_logger client:128 - run_query success (initial token) rows=5
2025-11-30 03:14:48,781 INFO app_logger client:46 - User signed in: email=vikram.dev@pwc.com (uid=752110e1-4280-4bab-a935-2013305ed39b)
2025-11-30 03:14:49,341 INFO app_logger client:120 - run_query success (initial token) rows=1
2025-11-30 22:13:43,177 INFO app_logger client:46 - User signed in: email=vikram.dev@pwc.com (uid=752110e1-4280-4bab-a935-2013305ed39b)
2025-11-30 22:13:43,615 INFO app_logger client:122 - run_query success (initial token) rows=1
2025-12-01 00:49:29,778 INFO app_logger client:46 - User signed in: email=vikram.dev@pwc.com (uid=752110e1-4280-4bab-a935-2013305ed39b)
2025-12-01 00:49:30,185 INFO app_logger client:123 - run_query success (initial token) rows=1
2025-12-01 19:38:56,259 INFO app_logger graph:42 - Agent graph created successfully
2025-12-01 19:38:56,281 INFO app_logger main:40 - Starting Vendor HelpDesk Agent API server...
2025-12-01 19:38:56,583 INFO app_logger graph:42 - Agent graph created successfully
2025-12-01 19:39:53,942 INFO app_logger client:46 - User signed in: email=vikram.dev@pwc.com (uid=752110e1-4280-4bab-a935-2013305ed39b)
2025-12-01 19:41:40,079 INFO app_logger graph:42 - Agent graph created successfully
2025-12-01 19:41:40,104 INFO app_logger main:40 - Starting Vendor HelpDesk Agent API server...
2025-12-01 19:41:40,397 INFO app_logger graph:42 - Agent graph created successfully
2025-12-01 19:41:59,636 INFO app_logger graph:42 - Agent graph created successfully
2025-12-01 19:43:56,164 INFO app_logger graph:42 - Agent graph created successfully
2025-12-01 19:43:56,184 INFO app_logger main:40 - Starting Vendor HelpDesk Agent API server...
2025-12-01 19:43:56,470 INFO app_logger graph:42 - Agent graph created successfully
2025-12-01 19:45:20,019 INFO app_logger client:46 - User signed in: email=vikram.dev@pwc.com (uid=752110e1-4280-4bab-a935-2013305ed39b)
2025-12-01 19:45:20,614 INFO app_logger client:123 - run_query success (initial token) rows=0
2025-12-01 19:45:20,614 INFO app_logger chat_manager:239 - Loaded 0 chats for user 752110e1-4280-4bab-a935-2013305ed39b
2025-12-01 19:45:29,490 INFO app_logger client:123 - run_query success (initial token) rows=0
2025-12-01 19:45:29,998 INFO app_logger client:123 - run_query success (initial token) rows=1
2025-12-01 19:45:29,998 INFO app_logger chat_manager:86 - Created new chat chat_175ed477b6324b07 for user 752110e1-4280-4bab-a935-2013305ed39b
2025-12-01 19:45:30,000 ERROR app_logger routes:134 - Chat error: process_input() missing 1 required positional argument: 'config'
2025-12-01 19:47:18,306 INFO app_logger graph:42 - Agent graph created successfully
2025-12-01 19:47:20,167 INFO app_logger graph:42 - Agent graph created successfully
2025-12-01 19:47:21,523 INFO app_logger graph:42 - Agent graph created successfully
2025-12-01 19:47:24,732 INFO app_logger client:123 - run_query success (initial token) rows=0
2025-12-01 19:47:25,254 INFO app_logger client:123 - run_query success (initial token) rows=1
2025-12-01 19:47:25,254 INFO app_logger chat_manager:86 - Created new chat chat_96a2cd9e14f24a26 for user 752110e1-4280-4bab-a935-2013305ed39b
2025-12-01 19:47:25,256 ERROR app_logger routes:134 - Chat error: process_input() missing 1 required positional argument: 'config'
2025-12-01 19:47:29,749 INFO app_logger client:123 - run_query success (initial token) rows=0
2025-12-01 19:47:30,134 INFO app_logger client:123 - run_query success (initial token) rows=1
2025-12-01 19:47:30,134 INFO app_logger chat_manager:86 - Created new chat chat_890eaabd311b4298 for user 752110e1-4280-4bab-a935-2013305ed39b
2025-12-01 19:47:30,136 ERROR app_logger routes:134 - Chat error: process_input() missing 1 required positional argument: 'config'
2025-12-01 19:47:51,265 INFO app_logger graph:42 - Agent graph created successfully
2025-12-01 19:47:52,120 INFO app_logger graph:42 - Agent graph created successfully
2025-12-01 19:49:58,025 INFO app_logger graph:43 - Agent graph created successfully
2025-12-01 19:50:00,782 INFO app_logger graph:43 - Agent graph created successfully
2025-12-01 19:50:15,279 INFO app_logger graph:43 - Agent graph created successfully
2025-12-01 19:50:18,051 INFO app_logger graph:43 - Agent graph created successfully
2025-12-01 19:50:51,667 INFO app_logger graph:43 - Agent graph created successfully
2025-12-01 19:50:56,243 INFO app_logger graph:43 - Agent graph created successfully
2025-12-01 19:51:03,156 INFO app_logger graph:43 - Agent graph created successfully
2025-12-01 19:51:05,026 INFO app_logger graph:43 - Agent graph created successfully
2025-12-01 19:51:15,724 INFO app_logger client:123 - run_query success (initial token) rows=0
2025-12-01 19:51:15,724 INFO app_logger chat_manager:239 - Loaded 0 chats for user 752110e1-4280-4bab-a935-2013305ed39b
2025-12-01 19:51:19,334 INFO app_logger client:123 - run_query success (initial token) rows=0
2025-12-01 19:51:19,829 INFO app_logger client:123 - run_query success (initial token) rows=1
2025-12-01 19:51:19,830 INFO app_logger chat_manager:86 - Created new chat chat_36110371daa644a3 for user 752110e1-4280-4bab-a935-2013305ed39b
2025-12-01 19:51:20,353 INFO app_logger client:123 - run_query success (initial token) rows=0
2025-12-01 19:51:20,353 INFO app_logger nodes:31 - Processing input for chat chat_36110371daa644a3
2025-12-01 19:51:20,462 ERROR app_logger routes:134 - Chat error: Logger._log() got an unexpected keyword argument 'model'
2025-12-01 19:58:58,976 INFO app_logger graph:43 - Agent graph created successfully
2025-12-01 19:59:00,745 INFO app_logger graph:43 - Agent graph created successfully
2025-12-01 19:59:06,758 INFO app_logger client:123 - run_query success (initial token) rows=0
2025-12-01 19:59:07,140 INFO app_logger client:123 - run_query success (initial token) rows=1
2025-12-01 19:59:07,140 INFO app_logger chat_manager:86 - Created new chat chat_7c04f49803854165 for user 752110e1-4280-4bab-a935-2013305ed39b
2025-12-01 19:59:07,520 INFO app_logger client:123 - run_query success (initial token) rows=0
2025-12-01 19:59:07,520 INFO app_logger nodes:31 - Processing input for chat chat_7c04f49803854165
2025-12-01 19:59:07,588 INFO app_logger llm:23 - llm_initialized - model=openai/gpt-oss-120b, provider=groq
2025-12-01 19:59:07,878 INFO app_logger chat_manager:143 - Added pending message for chat chat_7c04f49803854165, queue size: 1
2025-12-01 19:59:07,878 INFO app_logger chat_manager:143 - Added pending message for chat chat_7c04f49803854165, queue size: 2
2025-12-01 19:59:07,878 INFO app_logger nodes:80 - Generated response for chat chat_7c04f49803854165, tokens: 14
2025-12-01 19:59:08,275 ERROR app_logger client:112 - Error executing query: new row violates row-level security policy for table "messages"
Traceback (most recent call last):
  File "/Users/vikram/Documents/projects/vendor_helpdesk_agent/database/client.py", line 97, in _connect_and_exec
    cur.execute(query)
  File "/Users/vikram/Documents/projects/vendor_helpdesk_agent/venv/lib/python3.11/site-packages/psycopg/cursor.py", line 97, in execute
    raise ex.with_traceback(None)
psycopg.errors.InsufficientPrivilege: new row violates row-level security policy for table "messages"
Traceback (most recent call last):
  File "/Users/vikram/Documents/projects/vendor_helpdesk_agent/database/client.py", line 97, in _connect_and_exec
    cur.execute(query)
  File "/Users/vikram/Documents/projects/vendor_helpdesk_agent/venv/lib/python3.11/site-packages/psycopg/cursor.py", line 97, in execute
    raise ex.with_traceback(None)
psycopg.errors.InsufficientPrivilege: new row violates row-level security policy for table "messages"
2025-12-01 19:59:08,277 ERROR app_logger client:155 - Unexpected error in run_query: 500: Error executing query
Traceback (most recent call last):
  File "/Users/vikram/Documents/projects/vendor_helpdesk_agent/database/client.py", line 97, in _connect_and_exec
    cur.execute(query)
  File "/Users/vikram/Documents/projects/vendor_helpdesk_agent/venv/lib/python3.11/site-packages/psycopg/cursor.py", line 97, in execute
    raise ex.with_traceback(None)
psycopg.errors.InsufficientPrivilege: new row violates row-level security policy for table "messages"

During handling of the above exception, another exception occurred:

Traceback (most recent call last):
  File "/Users/vikram/Documents/projects/vendor_helpdesk_agent/database/client.py", line 122, in run_query
    result = await run_in_threadpool(_connect_and_exec, access_token)
             ^^^^^^^^^^^^^^^^^^^^^^^^^^^^^^^^^^^^^^^^^^^^^^^^^^^^^^^^
  File "/Users/vikram/Documents/projects/vendor_helpdesk_agent/venv/lib/python3.11/site-packages/starlette/concurrency.py", line 32, in run_in_threadpool
    return await anyio.to_thread.run_sync(func)
           ^^^^^^^^^^^^^^^^^^^^^^^^^^^^^^^^^^^^
  File "/Users/vikram/Documents/projects/vendor_helpdesk_agent/venv/lib/python3.11/site-packages/anyio/to_thread.py", line 61, in run_sync
    return await get_async_backend().run_sync_in_worker_thread(
           ^^^^^^^^^^^^^^^^^^^^^^^^^^^^^^^^^^^^^^^^^^^^^^^^^^^^
  File "/Users/vikram/Documents/projects/vendor_helpdesk_agent/venv/lib/python3.11/site-packages/anyio/_backends/_asyncio.py", line 2525, in run_sync_in_worker_thread
    return await future
           ^^^^^^^^^^^^
  File "/Users/vikram/Documents/projects/vendor_helpdesk_agent/venv/lib/python3.11/site-packages/anyio/_backends/_asyncio.py", line 986, in run
    result = context.run(func, *args)
             ^^^^^^^^^^^^^^^^^^^^^^^^
  File "/Users/vikram/Documents/projects/vendor_helpdesk_agent/database/client.py", line 113, in _connect_and_exec
    raise HTTPException(status_code=500, detail="Error executing query")
fastapi.exceptions.HTTPException: 500: Error executing query
Traceback (most recent call last):
  File "/Users/vikram/Documents/projects/vendor_helpdesk_agent/database/client.py", line 97, in _connect_and_exec
    cur.execute(query)
  File "/Users/vikram/Documents/projects/vendor_helpdesk_agent/venv/lib/python3.11/site-packages/psycopg/cursor.py", line 97, in execute
    raise ex.with_traceback(None)
psycopg.errors.InsufficientPrivilege: new row violates row-level security policy for table "messages"

During handling of the above exception, another exception occurred:

Traceback (most recent call last):
  File "/Users/vikram/Documents/projects/vendor_helpdesk_agent/database/client.py", line 122, in run_query
    result = await run_in_threadpool(_connect_and_exec, access_token)
             ^^^^^^^^^^^^^^^^^^^^^^^^^^^^^^^^^^^^^^^^^^^^^^^^^^^^^^^^
  File "/Users/vikram/Documents/projects/vendor_helpdesk_agent/venv/lib/python3.11/site-packages/starlette/concurrency.py", line 32, in run_in_threadpool
    return await anyio.to_thread.run_sync(func)
           ^^^^^^^^^^^^^^^^^^^^^^^^^^^^^^^^^^^^
  File "/Users/vikram/Documents/projects/vendor_helpdesk_agent/venv/lib/python3.11/site-packages/anyio/to_thread.py", line 61, in run_sync
    return await get_async_backend().run_sync_in_worker_thread(
           ^^^^^^^^^^^^^^^^^^^^^^^^^^^^^^^^^^^^^^^^^^^^^^^^^^^^
  File "/Users/vikram/Documents/projects/vendor_helpdesk_agent/venv/lib/python3.11/site-packages/anyio/_backends/_asyncio.py", line 2525, in run_sync_in_worker_thread
    return await future
           ^^^^^^^^^^^^
  File "/Users/vikram/Documents/projects/vendor_helpdesk_agent/venv/lib/python3.11/site-packages/anyio/_backends/_asyncio.py", line 986, in run
    result = context.run(func, *args)
             ^^^^^^^^^^^^^^^^^^^^^^^^
  File "/Users/vikram/Documents/projects/vendor_helpdesk_agent/database/client.py", line 113, in _connect_and_exec
    raise HTTPException(status_code=500, detail="Error executing query")
fastapi.exceptions.HTTPException: 500: Error executing query
2025-12-01 19:59:08,277 ERROR app_logger chat_manager:208 - Error saving messages for chat chat_7c04f49803854165: 500: Unexpected error executing query
2025-12-01 19:59:08,277 ERROR app_logger nodes:106 - Error auto-saving messages: 500: Unexpected error executing query
2025-12-01 19:59:08,659 INFO app_logger client:123 - run_query success (initial token) rows=0
2025-12-01 19:59:08,659 INFO app_logger chat_manager:239 - Loaded 0 chats for user 752110e1-4280-4bab-a935-2013305ed39b
2025-12-01 19:59:20,401 INFO app_logger client:123 - run_query success (initial token) rows=0
2025-12-01 19:59:20,899 INFO app_logger client:123 - run_query success (initial token) rows=1
2025-12-01 19:59:20,899 INFO app_logger chat_manager:86 - Created new chat chat_41b51001f2ad4b55 for user 752110e1-4280-4bab-a935-2013305ed39b
2025-12-01 19:59:21,286 INFO app_logger client:123 - run_query success (initial token) rows=0
2025-12-01 19:59:21,286 INFO app_logger nodes:31 - Processing input for chat chat_41b51001f2ad4b55
2025-12-01 19:59:21,537 INFO app_logger chat_manager:143 - Added pending message for chat chat_41b51001f2ad4b55, queue size: 1
2025-12-01 19:59:21,537 INFO app_logger chat_manager:143 - Added pending message for chat chat_41b51001f2ad4b55, queue size: 2
2025-12-01 19:59:21,537 INFO app_logger nodes:80 - Generated response for chat chat_41b51001f2ad4b55, tokens: 22
2025-12-01 19:59:22,049 ERROR app_logger client:112 - Error executing query: new row violates row-level security policy for table "messages"
Traceback (most recent call last):
  File "/Users/vikram/Documents/projects/vendor_helpdesk_agent/database/client.py", line 97, in _connect_and_exec
    cur.execute(query)
  File "/Users/vikram/Documents/projects/vendor_helpdesk_agent/venv/lib/python3.11/site-packages/psycopg/cursor.py", line 97, in execute
    raise ex.with_traceback(None)
psycopg.errors.InsufficientPrivilege: new row violates row-level security policy for table "messages"
Traceback (most recent call last):
  File "/Users/vikram/Documents/projects/vendor_helpdesk_agent/database/client.py", line 97, in _connect_and_exec
    cur.execute(query)
  File "/Users/vikram/Documents/projects/vendor_helpdesk_agent/venv/lib/python3.11/site-packages/psycopg/cursor.py", line 97, in execute
    raise ex.with_traceback(None)
psycopg.errors.InsufficientPrivilege: new row violates row-level security policy for table "messages"
2025-12-01 19:59:22,052 ERROR app_logger client:155 - Unexpected error in run_query: 500: Error executing query
Traceback (most recent call last):
  File "/Users/vikram/Documents/projects/vendor_helpdesk_agent/database/client.py", line 97, in _connect_and_exec
    cur.execute(query)
  File "/Users/vikram/Documents/projects/vendor_helpdesk_agent/venv/lib/python3.11/site-packages/psycopg/cursor.py", line 97, in execute
    raise ex.with_traceback(None)
psycopg.errors.InsufficientPrivilege: new row violates row-level security policy for table "messages"

During handling of the above exception, another exception occurred:

Traceback (most recent call last):
  File "/Users/vikram/Documents/projects/vendor_helpdesk_agent/database/client.py", line 122, in run_query
    result = await run_in_threadpool(_connect_and_exec, access_token)
             ^^^^^^^^^^^^^^^^^^^^^^^^^^^^^^^^^^^^^^^^^^^^^^^^^^^^^^^^
  File "/Users/vikram/Documents/projects/vendor_helpdesk_agent/venv/lib/python3.11/site-packages/starlette/concurrency.py", line 32, in run_in_threadpool
    return await anyio.to_thread.run_sync(func)
           ^^^^^^^^^^^^^^^^^^^^^^^^^^^^^^^^^^^^
  File "/Users/vikram/Documents/projects/vendor_helpdesk_agent/venv/lib/python3.11/site-packages/anyio/to_thread.py", line 61, in run_sync
    return await get_async_backend().run_sync_in_worker_thread(
           ^^^^^^^^^^^^^^^^^^^^^^^^^^^^^^^^^^^^^^^^^^^^^^^^^^^^
  File "/Users/vikram/Documents/projects/vendor_helpdesk_agent/venv/lib/python3.11/site-packages/anyio/_backends/_asyncio.py", line 2525, in run_sync_in_worker_thread
    return await future
           ^^^^^^^^^^^^
  File "/Users/vikram/Documents/projects/vendor_helpdesk_agent/venv/lib/python3.11/site-packages/anyio/_backends/_asyncio.py", line 986, in run
    result = context.run(func, *args)
             ^^^^^^^^^^^^^^^^^^^^^^^^
  File "/Users/vikram/Documents/projects/vendor_helpdesk_agent/database/client.py", line 113, in _connect_and_exec
    raise HTTPException(status_code=500, detail="Error executing query")
fastapi.exceptions.HTTPException: 500: Error executing query
Traceback (most recent call last):
  File "/Users/vikram/Documents/projects/vendor_helpdesk_agent/database/client.py", line 97, in _connect_and_exec
    cur.execute(query)
  File "/Users/vikram/Documents/projects/vendor_helpdesk_agent/venv/lib/python3.11/site-packages/psycopg/cursor.py", line 97, in execute
    raise ex.with_traceback(None)
psycopg.errors.InsufficientPrivilege: new row violates row-level security policy for table "messages"

During handling of the above exception, another exception occurred:

Traceback (most recent call last):
  File "/Users/vikram/Documents/projects/vendor_helpdesk_agent/database/client.py", line 122, in run_query
    result = await run_in_threadpool(_connect_and_exec, access_token)
             ^^^^^^^^^^^^^^^^^^^^^^^^^^^^^^^^^^^^^^^^^^^^^^^^^^^^^^^^
  File "/Users/vikram/Documents/projects/vendor_helpdesk_agent/venv/lib/python3.11/site-packages/starlette/concurrency.py", line 32, in run_in_threadpool
    return await anyio.to_thread.run_sync(func)
           ^^^^^^^^^^^^^^^^^^^^^^^^^^^^^^^^^^^^
  File "/Users/vikram/Documents/projects/vendor_helpdesk_agent/venv/lib/python3.11/site-packages/anyio/to_thread.py", line 61, in run_sync
    return await get_async_backend().run_sync_in_worker_thread(
           ^^^^^^^^^^^^^^^^^^^^^^^^^^^^^^^^^^^^^^^^^^^^^^^^^^^^
  File "/Users/vikram/Documents/projects/vendor_helpdesk_agent/venv/lib/python3.11/site-packages/anyio/_backends/_asyncio.py", line 2525, in run_sync_in_worker_thread
    return await future
           ^^^^^^^^^^^^
  File "/Users/vikram/Documents/projects/vendor_helpdesk_agent/venv/lib/python3.11/site-packages/anyio/_backends/_asyncio.py", line 986, in run
    result = context.run(func, *args)
             ^^^^^^^^^^^^^^^^^^^^^^^^
  File "/Users/vikram/Documents/projects/vendor_helpdesk_agent/database/client.py", line 113, in _connect_and_exec
    raise HTTPException(status_code=500, detail="Error executing query")
fastapi.exceptions.HTTPException: 500: Error executing query
2025-12-01 19:59:22,054 ERROR app_logger chat_manager:208 - Error saving messages for chat chat_41b51001f2ad4b55: 500: Unexpected error executing query
2025-12-01 19:59:22,055 ERROR app_logger nodes:106 - Error auto-saving messages: 500: Unexpected error executing query
2025-12-01 19:59:22,586 INFO app_logger client:123 - run_query success (initial token) rows=0
2025-12-01 19:59:22,586 INFO app_logger chat_manager:239 - Loaded 0 chats for user 752110e1-4280-4bab-a935-2013305ed39b
2025-12-01 19:59:38,178 INFO app_logger client:123 - run_query success (initial token) rows=0
2025-12-01 19:59:38,695 INFO app_logger client:123 - run_query success (initial token) rows=1
2025-12-01 19:59:38,696 INFO app_logger chat_manager:86 - Created new chat chat_eb40121e4fef4f59 for user 752110e1-4280-4bab-a935-2013305ed39b
2025-12-01 19:59:39,218 INFO app_logger client:123 - run_query success (initial token) rows=0
2025-12-01 19:59:39,218 INFO app_logger nodes:31 - Processing input for chat chat_eb40121e4fef4f59
2025-12-01 19:59:39,510 INFO app_logger chat_manager:143 - Added pending message for chat chat_eb40121e4fef4f59, queue size: 1
2025-12-01 19:59:39,510 INFO app_logger chat_manager:143 - Added pending message for chat chat_eb40121e4fef4f59, queue size: 2
2025-12-01 19:59:39,510 INFO app_logger nodes:80 - Generated response for chat chat_eb40121e4fef4f59, tokens: 50
2025-12-01 19:59:39,887 ERROR app_logger client:112 - Error executing query: new row violates row-level security policy for table "messages"
Traceback (most recent call last):
  File "/Users/vikram/Documents/projects/vendor_helpdesk_agent/database/client.py", line 97, in _connect_and_exec
    cur.execute(query)
  File "/Users/vikram/Documents/projects/vendor_helpdesk_agent/venv/lib/python3.11/site-packages/psycopg/cursor.py", line 97, in execute
    raise ex.with_traceback(None)
psycopg.errors.InsufficientPrivilege: new row violates row-level security policy for table "messages"
Traceback (most recent call last):
  File "/Users/vikram/Documents/projects/vendor_helpdesk_agent/database/client.py", line 97, in _connect_and_exec
    cur.execute(query)
  File "/Users/vikram/Documents/projects/vendor_helpdesk_agent/venv/lib/python3.11/site-packages/psycopg/cursor.py", line 97, in execute
    raise ex.with_traceback(None)
psycopg.errors.InsufficientPrivilege: new row violates row-level security policy for table "messages"
2025-12-01 19:59:39,887 ERROR app_logger client:155 - Unexpected error in run_query: 500: Error executing query
Traceback (most recent call last):
  File "/Users/vikram/Documents/projects/vendor_helpdesk_agent/database/client.py", line 97, in _connect_and_exec
    cur.execute(query)
  File "/Users/vikram/Documents/projects/vendor_helpdesk_agent/venv/lib/python3.11/site-packages/psycopg/cursor.py", line 97, in execute
    raise ex.with_traceback(None)
psycopg.errors.InsufficientPrivilege: new row violates row-level security policy for table "messages"

During handling of the above exception, another exception occurred:

Traceback (most recent call last):
  File "/Users/vikram/Documents/projects/vendor_helpdesk_agent/database/client.py", line 122, in run_query
    result = await run_in_threadpool(_connect_and_exec, access_token)
             ^^^^^^^^^^^^^^^^^^^^^^^^^^^^^^^^^^^^^^^^^^^^^^^^^^^^^^^^
  File "/Users/vikram/Documents/projects/vendor_helpdesk_agent/venv/lib/python3.11/site-packages/starlette/concurrency.py", line 32, in run_in_threadpool
    return await anyio.to_thread.run_sync(func)
           ^^^^^^^^^^^^^^^^^^^^^^^^^^^^^^^^^^^^
  File "/Users/vikram/Documents/projects/vendor_helpdesk_agent/venv/lib/python3.11/site-packages/anyio/to_thread.py", line 61, in run_sync
    return await get_async_backend().run_sync_in_worker_thread(
           ^^^^^^^^^^^^^^^^^^^^^^^^^^^^^^^^^^^^^^^^^^^^^^^^^^^^
  File "/Users/vikram/Documents/projects/vendor_helpdesk_agent/venv/lib/python3.11/site-packages/anyio/_backends/_asyncio.py", line 2525, in run_sync_in_worker_thread
    return await future
           ^^^^^^^^^^^^
  File "/Users/vikram/Documents/projects/vendor_helpdesk_agent/venv/lib/python3.11/site-packages/anyio/_backends/_asyncio.py", line 986, in run
    result = context.run(func, *args)
             ^^^^^^^^^^^^^^^^^^^^^^^^
  File "/Users/vikram/Documents/projects/vendor_helpdesk_agent/database/client.py", line 113, in _connect_and_exec
    raise HTTPException(status_code=500, detail="Error executing query")
fastapi.exceptions.HTTPException: 500: Error executing query
Traceback (most recent call last):
  File "/Users/vikram/Documents/projects/vendor_helpdesk_agent/database/client.py", line 97, in _connect_and_exec
    cur.execute(query)
  File "/Users/vikram/Documents/projects/vendor_helpdesk_agent/venv/lib/python3.11/site-packages/psycopg/cursor.py", line 97, in execute
    raise ex.with_traceback(None)
psycopg.errors.InsufficientPrivilege: new row violates row-level security policy for table "messages"

During handling of the above exception, another exception occurred:

Traceback (most recent call last):
  File "/Users/vikram/Documents/projects/vendor_helpdesk_agent/database/client.py", line 122, in run_query
    result = await run_in_threadpool(_connect_and_exec, access_token)
             ^^^^^^^^^^^^^^^^^^^^^^^^^^^^^^^^^^^^^^^^^^^^^^^^^^^^^^^^
  File "/Users/vikram/Documents/projects/vendor_helpdesk_agent/venv/lib/python3.11/site-packages/starlette/concurrency.py", line 32, in run_in_threadpool
    return await anyio.to_thread.run_sync(func)
           ^^^^^^^^^^^^^^^^^^^^^^^^^^^^^^^^^^^^
  File "/Users/vikram/Documents/projects/vendor_helpdesk_agent/venv/lib/python3.11/site-packages/anyio/to_thread.py", line 61, in run_sync
    return await get_async_backend().run_sync_in_worker_thread(
           ^^^^^^^^^^^^^^^^^^^^^^^^^^^^^^^^^^^^^^^^^^^^^^^^^^^^
  File "/Users/vikram/Documents/projects/vendor_helpdesk_agent/venv/lib/python3.11/site-packages/anyio/_backends/_asyncio.py", line 2525, in run_sync_in_worker_thread
    return await future
           ^^^^^^^^^^^^
  File "/Users/vikram/Documents/projects/vendor_helpdesk_agent/venv/lib/python3.11/site-packages/anyio/_backends/_asyncio.py", line 986, in run
    result = context.run(func, *args)
             ^^^^^^^^^^^^^^^^^^^^^^^^
  File "/Users/vikram/Documents/projects/vendor_helpdesk_agent/database/client.py", line 113, in _connect_and_exec
    raise HTTPException(status_code=500, detail="Error executing query")
fastapi.exceptions.HTTPException: 500: Error executing query
2025-12-01 19:59:39,888 ERROR app_logger chat_manager:208 - Error saving messages for chat chat_eb40121e4fef4f59: 500: Unexpected error executing query
2025-12-01 19:59:39,888 ERROR app_logger nodes:106 - Error auto-saving messages: 500: Unexpected error executing query
2025-12-01 19:59:40,383 INFO app_logger client:123 - run_query success (initial token) rows=0
2025-12-01 19:59:40,383 INFO app_logger chat_manager:239 - Loaded 0 chats for user 752110e1-4280-4bab-a935-2013305ed39b
2025-12-01 20:01:20,100 INFO app_logger client:123 - run_query success (initial token) rows=0
2025-12-01 20:01:20,464 INFO app_logger client:123 - run_query success (initial token) rows=1
2025-12-01 20:01:20,465 INFO app_logger chat_manager:86 - Created new chat chat_620d5efe30e14227 for user 752110e1-4280-4bab-a935-2013305ed39b
2025-12-01 20:01:20,842 INFO app_logger client:123 - run_query success (initial token) rows=0
2025-12-01 20:01:20,842 INFO app_logger nodes:31 - Processing input for chat chat_620d5efe30e14227
2025-12-01 20:01:21,372 INFO app_logger chat_manager:143 - Added pending message for chat chat_620d5efe30e14227, queue size: 1
2025-12-01 20:01:21,373 INFO app_logger chat_manager:143 - Added pending message for chat chat_620d5efe30e14227, queue size: 2
2025-12-01 20:01:21,373 INFO app_logger nodes:80 - Generated response for chat chat_620d5efe30e14227, tokens: 22
2025-12-01 20:01:21,871 ERROR app_logger client:112 - Error executing query: new row violates row-level security policy for table "messages"
Traceback (most recent call last):
  File "/Users/vikram/Documents/projects/vendor_helpdesk_agent/database/client.py", line 97, in _connect_and_exec
    cur.execute(query)
  File "/Users/vikram/Documents/projects/vendor_helpdesk_agent/venv/lib/python3.11/site-packages/psycopg/cursor.py", line 97, in execute
    raise ex.with_traceback(None)
psycopg.errors.InsufficientPrivilege: new row violates row-level security policy for table "messages"
Traceback (most recent call last):
  File "/Users/vikram/Documents/projects/vendor_helpdesk_agent/database/client.py", line 97, in _connect_and_exec
    cur.execute(query)
  File "/Users/vikram/Documents/projects/vendor_helpdesk_agent/venv/lib/python3.11/site-packages/psycopg/cursor.py", line 97, in execute
    raise ex.with_traceback(None)
psycopg.errors.InsufficientPrivilege: new row violates row-level security policy for table "messages"
2025-12-01 20:01:21,874 ERROR app_logger client:155 - Unexpected error in run_query: 500: Error executing query
Traceback (most recent call last):
  File "/Users/vikram/Documents/projects/vendor_helpdesk_agent/database/client.py", line 97, in _connect_and_exec
    cur.execute(query)
  File "/Users/vikram/Documents/projects/vendor_helpdesk_agent/venv/lib/python3.11/site-packages/psycopg/cursor.py", line 97, in execute
    raise ex.with_traceback(None)
psycopg.errors.InsufficientPrivilege: new row violates row-level security policy for table "messages"

During handling of the above exception, another exception occurred:

Traceback (most recent call last):
  File "/Users/vikram/Documents/projects/vendor_helpdesk_agent/database/client.py", line 122, in run_query
    result = await run_in_threadpool(_connect_and_exec, access_token)
             ^^^^^^^^^^^^^^^^^^^^^^^^^^^^^^^^^^^^^^^^^^^^^^^^^^^^^^^^
  File "/Users/vikram/Documents/projects/vendor_helpdesk_agent/venv/lib/python3.11/site-packages/starlette/concurrency.py", line 32, in run_in_threadpool
    return await anyio.to_thread.run_sync(func)
           ^^^^^^^^^^^^^^^^^^^^^^^^^^^^^^^^^^^^
  File "/Users/vikram/Documents/projects/vendor_helpdesk_agent/venv/lib/python3.11/site-packages/anyio/to_thread.py", line 61, in run_sync
    return await get_async_backend().run_sync_in_worker_thread(
           ^^^^^^^^^^^^^^^^^^^^^^^^^^^^^^^^^^^^^^^^^^^^^^^^^^^^
  File "/Users/vikram/Documents/projects/vendor_helpdesk_agent/venv/lib/python3.11/site-packages/anyio/_backends/_asyncio.py", line 2525, in run_sync_in_worker_thread
    return await future
           ^^^^^^^^^^^^
  File "/Users/vikram/Documents/projects/vendor_helpdesk_agent/venv/lib/python3.11/site-packages/anyio/_backends/_asyncio.py", line 986, in run
    result = context.run(func, *args)
             ^^^^^^^^^^^^^^^^^^^^^^^^
  File "/Users/vikram/Documents/projects/vendor_helpdesk_agent/database/client.py", line 113, in _connect_and_exec
    raise HTTPException(status_code=500, detail="Error executing query")
fastapi.exceptions.HTTPException: 500: Error executing query
Traceback (most recent call last):
  File "/Users/vikram/Documents/projects/vendor_helpdesk_agent/database/client.py", line 97, in _connect_and_exec
    cur.execute(query)
  File "/Users/vikram/Documents/projects/vendor_helpdesk_agent/venv/lib/python3.11/site-packages/psycopg/cursor.py", line 97, in execute
    raise ex.with_traceback(None)
psycopg.errors.InsufficientPrivilege: new row violates row-level security policy for table "messages"

During handling of the above exception, another exception occurred:

Traceback (most recent call last):
  File "/Users/vikram/Documents/projects/vendor_helpdesk_agent/database/client.py", line 122, in run_query
    result = await run_in_threadpool(_connect_and_exec, access_token)
             ^^^^^^^^^^^^^^^^^^^^^^^^^^^^^^^^^^^^^^^^^^^^^^^^^^^^^^^^
  File "/Users/vikram/Documents/projects/vendor_helpdesk_agent/venv/lib/python3.11/site-packages/starlette/concurrency.py", line 32, in run_in_threadpool
    return await anyio.to_thread.run_sync(func)
           ^^^^^^^^^^^^^^^^^^^^^^^^^^^^^^^^^^^^
  File "/Users/vikram/Documents/projects/vendor_helpdesk_agent/venv/lib/python3.11/site-packages/anyio/to_thread.py", line 61, in run_sync
    return await get_async_backend().run_sync_in_worker_thread(
           ^^^^^^^^^^^^^^^^^^^^^^^^^^^^^^^^^^^^^^^^^^^^^^^^^^^^
  File "/Users/vikram/Documents/projects/vendor_helpdesk_agent/venv/lib/python3.11/site-packages/anyio/_backends/_asyncio.py", line 2525, in run_sync_in_worker_thread
    return await future
           ^^^^^^^^^^^^
  File "/Users/vikram/Documents/projects/vendor_helpdesk_agent/venv/lib/python3.11/site-packages/anyio/_backends/_asyncio.py", line 986, in run
    result = context.run(func, *args)
             ^^^^^^^^^^^^^^^^^^^^^^^^
  File "/Users/vikram/Documents/projects/vendor_helpdesk_agent/database/client.py", line 113, in _connect_and_exec
    raise HTTPException(status_code=500, detail="Error executing query")
fastapi.exceptions.HTTPException: 500: Error executing query
2025-12-01 20:01:21,876 ERROR app_logger chat_manager:208 - Error saving messages for chat chat_620d5efe30e14227: 500: Unexpected error executing query
2025-12-01 20:01:21,876 ERROR app_logger nodes:106 - Error auto-saving messages: 500: Unexpected error executing query
2025-12-01 20:01:22,270 INFO app_logger client:123 - run_query success (initial token) rows=0
2025-12-01 20:01:22,271 INFO app_logger chat_manager:239 - Loaded 0 chats for user 752110e1-4280-4bab-a935-2013305ed39b
2025-12-01 20:01:26,819 INFO app_logger client:123 - run_query success (initial token) rows=0
2025-12-01 20:01:27,204 INFO app_logger client:123 - run_query success (initial token) rows=1
2025-12-01 20:01:27,204 INFO app_logger chat_manager:86 - Created new chat chat_ffc04e1f9f0a4ca8 for user 752110e1-4280-4bab-a935-2013305ed39b
2025-12-01 20:01:27,724 INFO app_logger client:123 - run_query success (initial token) rows=0
2025-12-01 20:01:27,724 INFO app_logger nodes:31 - Processing input for chat chat_ffc04e1f9f0a4ca8
2025-12-01 20:01:27,949 INFO app_logger chat_manager:143 - Added pending message for chat chat_ffc04e1f9f0a4ca8, queue size: 1
2025-12-01 20:01:27,949 INFO app_logger chat_manager:143 - Added pending message for chat chat_ffc04e1f9f0a4ca8, queue size: 2
2025-12-01 20:01:27,949 INFO app_logger nodes:80 - Generated response for chat chat_ffc04e1f9f0a4ca8, tokens: 16
2025-12-01 20:01:28,332 ERROR app_logger client:112 - Error executing query: new row violates row-level security policy for table "messages"
Traceback (most recent call last):
  File "/Users/vikram/Documents/projects/vendor_helpdesk_agent/database/client.py", line 97, in _connect_and_exec
    cur.execute(query)
  File "/Users/vikram/Documents/projects/vendor_helpdesk_agent/venv/lib/python3.11/site-packages/psycopg/cursor.py", line 97, in execute
    raise ex.with_traceback(None)
psycopg.errors.InsufficientPrivilege: new row violates row-level security policy for table "messages"
Traceback (most recent call last):
  File "/Users/vikram/Documents/projects/vendor_helpdesk_agent/database/client.py", line 97, in _connect_and_exec
    cur.execute(query)
  File "/Users/vikram/Documents/projects/vendor_helpdesk_agent/venv/lib/python3.11/site-packages/psycopg/cursor.py", line 97, in execute
    raise ex.with_traceback(None)
psycopg.errors.InsufficientPrivilege: new row violates row-level security policy for table "messages"
2025-12-01 20:01:28,336 ERROR app_logger client:155 - Unexpected error in run_query: 500: Error executing query
Traceback (most recent call last):
  File "/Users/vikram/Documents/projects/vendor_helpdesk_agent/database/client.py", line 97, in _connect_and_exec
    cur.execute(query)
  File "/Users/vikram/Documents/projects/vendor_helpdesk_agent/venv/lib/python3.11/site-packages/psycopg/cursor.py", line 97, in execute
    raise ex.with_traceback(None)
psycopg.errors.InsufficientPrivilege: new row violates row-level security policy for table "messages"

During handling of the above exception, another exception occurred:

Traceback (most recent call last):
  File "/Users/vikram/Documents/projects/vendor_helpdesk_agent/database/client.py", line 122, in run_query
    result = await run_in_threadpool(_connect_and_exec, access_token)
             ^^^^^^^^^^^^^^^^^^^^^^^^^^^^^^^^^^^^^^^^^^^^^^^^^^^^^^^^
  File "/Users/vikram/Documents/projects/vendor_helpdesk_agent/venv/lib/python3.11/site-packages/starlette/concurrency.py", line 32, in run_in_threadpool
    return await anyio.to_thread.run_sync(func)
           ^^^^^^^^^^^^^^^^^^^^^^^^^^^^^^^^^^^^
  File "/Users/vikram/Documents/projects/vendor_helpdesk_agent/venv/lib/python3.11/site-packages/anyio/to_thread.py", line 61, in run_sync
    return await get_async_backend().run_sync_in_worker_thread(
           ^^^^^^^^^^^^^^^^^^^^^^^^^^^^^^^^^^^^^^^^^^^^^^^^^^^^
  File "/Users/vikram/Documents/projects/vendor_helpdesk_agent/venv/lib/python3.11/site-packages/anyio/_backends/_asyncio.py", line 2525, in run_sync_in_worker_thread
    return await future
           ^^^^^^^^^^^^
  File "/Users/vikram/Documents/projects/vendor_helpdesk_agent/venv/lib/python3.11/site-packages/anyio/_backends/_asyncio.py", line 986, in run
    result = context.run(func, *args)
             ^^^^^^^^^^^^^^^^^^^^^^^^
  File "/Users/vikram/Documents/projects/vendor_helpdesk_agent/database/client.py", line 113, in _connect_and_exec
    raise HTTPException(status_code=500, detail="Error executing query")
fastapi.exceptions.HTTPException: 500: Error executing query
Traceback (most recent call last):
  File "/Users/vikram/Documents/projects/vendor_helpdesk_agent/database/client.py", line 97, in _connect_and_exec
    cur.execute(query)
  File "/Users/vikram/Documents/projects/vendor_helpdesk_agent/venv/lib/python3.11/site-packages/psycopg/cursor.py", line 97, in execute
    raise ex.with_traceback(None)
psycopg.errors.InsufficientPrivilege: new row violates row-level security policy for table "messages"

During handling of the above exception, another exception occurred:

Traceback (most recent call last):
  File "/Users/vikram/Documents/projects/vendor_helpdesk_agent/database/client.py", line 122, in run_query
    result = await run_in_threadpool(_connect_and_exec, access_token)
             ^^^^^^^^^^^^^^^^^^^^^^^^^^^^^^^^^^^^^^^^^^^^^^^^^^^^^^^^
  File "/Users/vikram/Documents/projects/vendor_helpdesk_agent/venv/lib/python3.11/site-packages/starlette/concurrency.py", line 32, in run_in_threadpool
    return await anyio.to_thread.run_sync(func)
           ^^^^^^^^^^^^^^^^^^^^^^^^^^^^^^^^^^^^
  File "/Users/vikram/Documents/projects/vendor_helpdesk_agent/venv/lib/python3.11/site-packages/anyio/to_thread.py", line 61, in run_sync
    return await get_async_backend().run_sync_in_worker_thread(
           ^^^^^^^^^^^^^^^^^^^^^^^^^^^^^^^^^^^^^^^^^^^^^^^^^^^^
  File "/Users/vikram/Documents/projects/vendor_helpdesk_agent/venv/lib/python3.11/site-packages/anyio/_backends/_asyncio.py", line 2525, in run_sync_in_worker_thread
    return await future
           ^^^^^^^^^^^^
  File "/Users/vikram/Documents/projects/vendor_helpdesk_agent/venv/lib/python3.11/site-packages/anyio/_backends/_asyncio.py", line 986, in run
    result = context.run(func, *args)
             ^^^^^^^^^^^^^^^^^^^^^^^^
  File "/Users/vikram/Documents/projects/vendor_helpdesk_agent/database/client.py", line 113, in _connect_and_exec
    raise HTTPException(status_code=500, detail="Error executing query")
fastapi.exceptions.HTTPException: 500: Error executing query
2025-12-01 20:01:28,337 ERROR app_logger chat_manager:208 - Error saving messages for chat chat_ffc04e1f9f0a4ca8: 500: Unexpected error executing query
2025-12-01 20:01:28,337 ERROR app_logger nodes:106 - Error auto-saving messages: 500: Unexpected error executing query
2025-12-01 20:01:28,857 INFO app_logger client:123 - run_query success (initial token) rows=0
2025-12-01 20:01:28,857 INFO app_logger chat_manager:239 - Loaded 0 chats for user 752110e1-4280-4bab-a935-2013305ed39b
2025-12-01 20:15:30,056 INFO app_logger graph:43 - Agent graph created successfully
2025-12-01 20:15:31,410 INFO app_logger graph:43 - Agent graph created successfully
2025-12-01 20:16:28,545 INFO app_logger graph:43 - Agent graph created successfully
2025-12-01 20:16:31,321 INFO app_logger graph:43 - Agent graph created successfully
2025-12-01 20:16:39,258 INFO app_logger graph:43 - Agent graph created successfully
2025-12-01 20:17:34,474 INFO app_logger graph:43 - Agent graph created successfully
2025-12-01 20:17:36,352 INFO app_logger graph:43 - Agent graph created successfully
2025-12-01 20:17:38,246 INFO app_logger graph:43 - Agent graph created successfully
2025-12-01 20:17:49,334 INFO app_logger client:123 - run_query success (initial token) rows=0
2025-12-01 20:17:49,335 INFO app_logger chat_manager:239 - Loaded 0 chats for user 752110e1-4280-4bab-a935-2013305ed39b
2025-12-01 20:17:49,910 INFO app_logger client:123 - run_query success (initial token) rows=0
2025-12-01 20:17:49,910 INFO app_logger chat_manager:239 - Loaded 0 chats for user 752110e1-4280-4bab-a935-2013305ed39b
2025-12-01 20:18:49,389 INFO app_logger client:46 - User signed in: email=vikram.dev@pwc.com (uid=752110e1-4280-4bab-a935-2013305ed39b)
2025-12-01 20:18:49,781 INFO app_logger client:123 - run_query success (initial token) rows=0
2025-12-01 20:18:49,781 INFO app_logger chat_manager:239 - Loaded 0 chats for user 752110e1-4280-4bab-a935-2013305ed39b
2025-12-01 20:18:54,190 INFO app_logger client:123 - run_query success (initial token) rows=0
2025-12-01 20:18:54,561 INFO app_logger client:123 - run_query success (initial token) rows=1
2025-12-01 20:18:54,561 INFO app_logger chat_manager:86 - Created new chat chat_6e0c6ede9f9a4af9 for user 752110e1-4280-4bab-a935-2013305ed39b
2025-12-01 20:18:55,057 INFO app_logger client:123 - run_query success (initial token) rows=0
2025-12-01 20:18:55,057 INFO app_logger nodes:31 - Processing input for chat chat_6e0c6ede9f9a4af9
2025-12-01 20:18:55,104 INFO app_logger llm:23 - llm_initialized - model=openai/gpt-oss-120b, provider=groq
2025-12-01 20:18:55,485 INFO app_logger chat_manager:143 - Added pending message for chat chat_6e0c6ede9f9a4af9, queue size: 1
2025-12-01 20:18:55,486 INFO app_logger chat_manager:143 - Added pending message for chat chat_6e0c6ede9f9a4af9, queue size: 2
2025-12-01 20:18:55,486 INFO app_logger nodes:89 - Generated response for chat chat_6e0c6ede9f9a4af9, tokens: 10
2025-12-01 20:18:56,017 ERROR app_logger client:112 - Error executing query: new row violates row-level security policy for table "messages"
Traceback (most recent call last):
  File "/Users/vikram/Documents/projects/vendor_helpdesk_agent/database/client.py", line 97, in _connect_and_exec
    cur.execute(query)
  File "/Users/vikram/Documents/projects/vendor_helpdesk_agent/venv/lib/python3.11/site-packages/psycopg/cursor.py", line 97, in execute
    raise ex.with_traceback(None)
psycopg.errors.InsufficientPrivilege: new row violates row-level security policy for table "messages"
Traceback (most recent call last):
  File "/Users/vikram/Documents/projects/vendor_helpdesk_agent/database/client.py", line 97, in _connect_and_exec
    cur.execute(query)
  File "/Users/vikram/Documents/projects/vendor_helpdesk_agent/venv/lib/python3.11/site-packages/psycopg/cursor.py", line 97, in execute
    raise ex.with_traceback(None)
psycopg.errors.InsufficientPrivilege: new row violates row-level security policy for table "messages"
2025-12-01 20:18:56,019 ERROR app_logger client:155 - Unexpected error in run_query: 500: Error executing query
Traceback (most recent call last):
  File "/Users/vikram/Documents/projects/vendor_helpdesk_agent/database/client.py", line 97, in _connect_and_exec
    cur.execute(query)
  File "/Users/vikram/Documents/projects/vendor_helpdesk_agent/venv/lib/python3.11/site-packages/psycopg/cursor.py", line 97, in execute
    raise ex.with_traceback(None)
psycopg.errors.InsufficientPrivilege: new row violates row-level security policy for table "messages"

During handling of the above exception, another exception occurred:

Traceback (most recent call last):
  File "/Users/vikram/Documents/projects/vendor_helpdesk_agent/database/client.py", line 122, in run_query
    result = await run_in_threadpool(_connect_and_exec, access_token)
             ^^^^^^^^^^^^^^^^^^^^^^^^^^^^^^^^^^^^^^^^^^^^^^^^^^^^^^^^
  File "/Users/vikram/Documents/projects/vendor_helpdesk_agent/venv/lib/python3.11/site-packages/starlette/concurrency.py", line 32, in run_in_threadpool
    return await anyio.to_thread.run_sync(func)
           ^^^^^^^^^^^^^^^^^^^^^^^^^^^^^^^^^^^^
  File "/Users/vikram/Documents/projects/vendor_helpdesk_agent/venv/lib/python3.11/site-packages/anyio/to_thread.py", line 61, in run_sync
    return await get_async_backend().run_sync_in_worker_thread(
           ^^^^^^^^^^^^^^^^^^^^^^^^^^^^^^^^^^^^^^^^^^^^^^^^^^^^
  File "/Users/vikram/Documents/projects/vendor_helpdesk_agent/venv/lib/python3.11/site-packages/anyio/_backends/_asyncio.py", line 2525, in run_sync_in_worker_thread
    return await future
           ^^^^^^^^^^^^
  File "/Users/vikram/Documents/projects/vendor_helpdesk_agent/venv/lib/python3.11/site-packages/anyio/_backends/_asyncio.py", line 986, in run
    result = context.run(func, *args)
             ^^^^^^^^^^^^^^^^^^^^^^^^
  File "/Users/vikram/Documents/projects/vendor_helpdesk_agent/database/client.py", line 113, in _connect_and_exec
    raise HTTPException(status_code=500, detail="Error executing query")
fastapi.exceptions.HTTPException: 500: Error executing query
Traceback (most recent call last):
  File "/Users/vikram/Documents/projects/vendor_helpdesk_agent/database/client.py", line 97, in _connect_and_exec
    cur.execute(query)
  File "/Users/vikram/Documents/projects/vendor_helpdesk_agent/venv/lib/python3.11/site-packages/psycopg/cursor.py", line 97, in execute
    raise ex.with_traceback(None)
psycopg.errors.InsufficientPrivilege: new row violates row-level security policy for table "messages"

During handling of the above exception, another exception occurred:

Traceback (most recent call last):
  File "/Users/vikram/Documents/projects/vendor_helpdesk_agent/database/client.py", line 122, in run_query
    result = await run_in_threadpool(_connect_and_exec, access_token)
             ^^^^^^^^^^^^^^^^^^^^^^^^^^^^^^^^^^^^^^^^^^^^^^^^^^^^^^^^
  File "/Users/vikram/Documents/projects/vendor_helpdesk_agent/venv/lib/python3.11/site-packages/starlette/concurrency.py", line 32, in run_in_threadpool
    return await anyio.to_thread.run_sync(func)
           ^^^^^^^^^^^^^^^^^^^^^^^^^^^^^^^^^^^^
  File "/Users/vikram/Documents/projects/vendor_helpdesk_agent/venv/lib/python3.11/site-packages/anyio/to_thread.py", line 61, in run_sync
    return await get_async_backend().run_sync_in_worker_thread(
           ^^^^^^^^^^^^^^^^^^^^^^^^^^^^^^^^^^^^^^^^^^^^^^^^^^^^
  File "/Users/vikram/Documents/projects/vendor_helpdesk_agent/venv/lib/python3.11/site-packages/anyio/_backends/_asyncio.py", line 2525, in run_sync_in_worker_thread
    return await future
           ^^^^^^^^^^^^
  File "/Users/vikram/Documents/projects/vendor_helpdesk_agent/venv/lib/python3.11/site-packages/anyio/_backends/_asyncio.py", line 986, in run
    result = context.run(func, *args)
             ^^^^^^^^^^^^^^^^^^^^^^^^
  File "/Users/vikram/Documents/projects/vendor_helpdesk_agent/database/client.py", line 113, in _connect_and_exec
    raise HTTPException(status_code=500, detail="Error executing query")
fastapi.exceptions.HTTPException: 500: Error executing query
2025-12-01 20:18:56,020 ERROR app_logger chat_manager:208 - Error saving messages for chat chat_6e0c6ede9f9a4af9: 500: Unexpected error executing query
2025-12-01 20:18:56,020 ERROR app_logger nodes:170 - Error auto-saving messages: 500: Unexpected error executing query
2025-12-01 20:18:56,376 ERROR app_logger client:112 - Error executing query: new row violates row-level security policy for table "messages"
Traceback (most recent call last):
  File "/Users/vikram/Documents/projects/vendor_helpdesk_agent/database/client.py", line 97, in _connect_and_exec
    cur.execute(query)
  File "/Users/vikram/Documents/projects/vendor_helpdesk_agent/venv/lib/python3.11/site-packages/psycopg/cursor.py", line 97, in execute
    raise ex.with_traceback(None)
psycopg.errors.InsufficientPrivilege: new row violates row-level security policy for table "messages"
Traceback (most recent call last):
  File "/Users/vikram/Documents/projects/vendor_helpdesk_agent/database/client.py", line 97, in _connect_and_exec
    cur.execute(query)
  File "/Users/vikram/Documents/projects/vendor_helpdesk_agent/venv/lib/python3.11/site-packages/psycopg/cursor.py", line 97, in execute
    raise ex.with_traceback(None)
psycopg.errors.InsufficientPrivilege: new row violates row-level security policy for table "messages"
2025-12-01 20:18:56,377 ERROR app_logger client:155 - Unexpected error in run_query: 500: Error executing query
Traceback (most recent call last):
  File "/Users/vikram/Documents/projects/vendor_helpdesk_agent/database/client.py", line 97, in _connect_and_exec
    cur.execute(query)
  File "/Users/vikram/Documents/projects/vendor_helpdesk_agent/venv/lib/python3.11/site-packages/psycopg/cursor.py", line 97, in execute
    raise ex.with_traceback(None)
psycopg.errors.InsufficientPrivilege: new row violates row-level security policy for table "messages"

During handling of the above exception, another exception occurred:

Traceback (most recent call last):
  File "/Users/vikram/Documents/projects/vendor_helpdesk_agent/database/client.py", line 122, in run_query
    result = await run_in_threadpool(_connect_and_exec, access_token)
             ^^^^^^^^^^^^^^^^^^^^^^^^^^^^^^^^^^^^^^^^^^^^^^^^^^^^^^^^
  File "/Users/vikram/Documents/projects/vendor_helpdesk_agent/venv/lib/python3.11/site-packages/starlette/concurrency.py", line 32, in run_in_threadpool
    return await anyio.to_thread.run_sync(func)
           ^^^^^^^^^^^^^^^^^^^^^^^^^^^^^^^^^^^^
  File "/Users/vikram/Documents/projects/vendor_helpdesk_agent/venv/lib/python3.11/site-packages/anyio/to_thread.py", line 61, in run_sync
    return await get_async_backend().run_sync_in_worker_thread(
           ^^^^^^^^^^^^^^^^^^^^^^^^^^^^^^^^^^^^^^^^^^^^^^^^^^^^
  File "/Users/vikram/Documents/projects/vendor_helpdesk_agent/venv/lib/python3.11/site-packages/anyio/_backends/_asyncio.py", line 2525, in run_sync_in_worker_thread
    return await future
           ^^^^^^^^^^^^
  File "/Users/vikram/Documents/projects/vendor_helpdesk_agent/venv/lib/python3.11/site-packages/anyio/_backends/_asyncio.py", line 986, in run
    result = context.run(func, *args)
             ^^^^^^^^^^^^^^^^^^^^^^^^
  File "/Users/vikram/Documents/projects/vendor_helpdesk_agent/database/client.py", line 113, in _connect_and_exec
    raise HTTPException(status_code=500, detail="Error executing query")
fastapi.exceptions.HTTPException: 500: Error executing query
Traceback (most recent call last):
  File "/Users/vikram/Documents/projects/vendor_helpdesk_agent/database/client.py", line 97, in _connect_and_exec
    cur.execute(query)
  File "/Users/vikram/Documents/projects/vendor_helpdesk_agent/venv/lib/python3.11/site-packages/psycopg/cursor.py", line 97, in execute
    raise ex.with_traceback(None)
psycopg.errors.InsufficientPrivilege: new row violates row-level security policy for table "messages"

During handling of the above exception, another exception occurred:

Traceback (most recent call last):
  File "/Users/vikram/Documents/projects/vendor_helpdesk_agent/database/client.py", line 122, in run_query
    result = await run_in_threadpool(_connect_and_exec, access_token)
             ^^^^^^^^^^^^^^^^^^^^^^^^^^^^^^^^^^^^^^^^^^^^^^^^^^^^^^^^
  File "/Users/vikram/Documents/projects/vendor_helpdesk_agent/venv/lib/python3.11/site-packages/starlette/concurrency.py", line 32, in run_in_threadpool
    return await anyio.to_thread.run_sync(func)
           ^^^^^^^^^^^^^^^^^^^^^^^^^^^^^^^^^^^^
  File "/Users/vikram/Documents/projects/vendor_helpdesk_agent/venv/lib/python3.11/site-packages/anyio/to_thread.py", line 61, in run_sync
    return await get_async_backend().run_sync_in_worker_thread(
           ^^^^^^^^^^^^^^^^^^^^^^^^^^^^^^^^^^^^^^^^^^^^^^^^^^^^
  File "/Users/vikram/Documents/projects/vendor_helpdesk_agent/venv/lib/python3.11/site-packages/anyio/_backends/_asyncio.py", line 2525, in run_sync_in_worker_thread
    return await future
           ^^^^^^^^^^^^
  File "/Users/vikram/Documents/projects/vendor_helpdesk_agent/venv/lib/python3.11/site-packages/anyio/_backends/_asyncio.py", line 986, in run
    result = context.run(func, *args)
             ^^^^^^^^^^^^^^^^^^^^^^^^
  File "/Users/vikram/Documents/projects/vendor_helpdesk_agent/database/client.py", line 113, in _connect_and_exec
    raise HTTPException(status_code=500, detail="Error executing query")
fastapi.exceptions.HTTPException: 500: Error executing query
2025-12-01 20:18:56,377 ERROR app_logger chat_manager:208 - Error saving messages for chat chat_6e0c6ede9f9a4af9: 500: Unexpected error executing query
2025-12-01 20:18:56,377 ERROR app_logger routes:140 - Chat error: 500: Unexpected error executing query
2025-12-01 20:19:21,582 INFO app_logger graph:43 - Agent graph created successfully
2025-12-01 20:36:50,338 INFO app_logger graph:43 - Agent graph created successfully
2025-12-01 20:36:53,101 INFO app_logger graph:43 - Agent graph created successfully
2025-12-01 20:37:05,366 INFO app_logger graph:43 - Agent graph created successfully
2025-12-01 20:37:08,643 INFO app_logger graph:43 - Agent graph created successfully
2025-12-01 20:37:09,995 INFO app_logger graph:43 - Agent graph created successfully
2025-12-01 20:37:11,857 INFO app_logger graph:43 - Agent graph created successfully
2025-12-01 20:37:25,471 INFO app_logger client:123 - run_query success (initial token) rows=0
2025-12-01 20:37:25,835 INFO app_logger client:123 - run_query success (initial token) rows=1
2025-12-01 20:37:25,836 INFO app_logger chat_manager:86 - Created new chat chat_ed9b05870b334f20 for user 752110e1-4280-4bab-a935-2013305ed39b
2025-12-01 20:37:26,175 INFO app_logger client:123 - run_query success (initial token) rows=0
2025-12-01 20:37:26,175 INFO app_logger nodes:31 - Processing input for chat chat_ed9b05870b334f20
2025-12-01 20:37:26,230 INFO app_logger llm:23 - llm_initialized - model=openai/gpt-oss-120b, provider=groq
2025-12-01 20:37:26,773 INFO app_logger chat_manager:143 - Added pending message for chat chat_ed9b05870b334f20, queue size: 1
2025-12-01 20:37:26,773 INFO app_logger chat_manager:143 - Added pending message for chat chat_ed9b05870b334f20, queue size: 2
2025-12-01 20:37:26,773 INFO app_logger nodes:89 - Generated response for chat chat_ed9b05870b334f20, tokens: 10
2025-12-01 20:37:27,171 ERROR app_logger client:112 - Error executing query: new row violates row-level security policy for table "messages"
Traceback (most recent call last):
  File "/Users/vikram/Documents/projects/vendor_helpdesk_agent/database/client.py", line 97, in _connect_and_exec
    cur.execute(query)
  File "/Users/vikram/Documents/projects/vendor_helpdesk_agent/venv/lib/python3.11/site-packages/psycopg/cursor.py", line 97, in execute
    raise ex.with_traceback(None)
psycopg.errors.InsufficientPrivilege: new row violates row-level security policy for table "messages"
Traceback (most recent call last):
  File "/Users/vikram/Documents/projects/vendor_helpdesk_agent/database/client.py", line 97, in _connect_and_exec
    cur.execute(query)
  File "/Users/vikram/Documents/projects/vendor_helpdesk_agent/venv/lib/python3.11/site-packages/psycopg/cursor.py", line 97, in execute
    raise ex.with_traceback(None)
psycopg.errors.InsufficientPrivilege: new row violates row-level security policy for table "messages"
2025-12-01 20:37:27,172 ERROR app_logger client:155 - Unexpected error in run_query: 500: Error executing query
Traceback (most recent call last):
  File "/Users/vikram/Documents/projects/vendor_helpdesk_agent/database/client.py", line 97, in _connect_and_exec
    cur.execute(query)
  File "/Users/vikram/Documents/projects/vendor_helpdesk_agent/venv/lib/python3.11/site-packages/psycopg/cursor.py", line 97, in execute
    raise ex.with_traceback(None)
psycopg.errors.InsufficientPrivilege: new row violates row-level security policy for table "messages"

During handling of the above exception, another exception occurred:

Traceback (most recent call last):
  File "/Users/vikram/Documents/projects/vendor_helpdesk_agent/database/client.py", line 122, in run_query
    result = await run_in_threadpool(_connect_and_exec, access_token)
             ^^^^^^^^^^^^^^^^^^^^^^^^^^^^^^^^^^^^^^^^^^^^^^^^^^^^^^^^
  File "/Users/vikram/Documents/projects/vendor_helpdesk_agent/venv/lib/python3.11/site-packages/starlette/concurrency.py", line 32, in run_in_threadpool
    return await anyio.to_thread.run_sync(func)
           ^^^^^^^^^^^^^^^^^^^^^^^^^^^^^^^^^^^^
  File "/Users/vikram/Documents/projects/vendor_helpdesk_agent/venv/lib/python3.11/site-packages/anyio/to_thread.py", line 61, in run_sync
    return await get_async_backend().run_sync_in_worker_thread(
           ^^^^^^^^^^^^^^^^^^^^^^^^^^^^^^^^^^^^^^^^^^^^^^^^^^^^
  File "/Users/vikram/Documents/projects/vendor_helpdesk_agent/venv/lib/python3.11/site-packages/anyio/_backends/_asyncio.py", line 2525, in run_sync_in_worker_thread
    return await future
           ^^^^^^^^^^^^
  File "/Users/vikram/Documents/projects/vendor_helpdesk_agent/venv/lib/python3.11/site-packages/anyio/_backends/_asyncio.py", line 986, in run
    result = context.run(func, *args)
             ^^^^^^^^^^^^^^^^^^^^^^^^
  File "/Users/vikram/Documents/projects/vendor_helpdesk_agent/database/client.py", line 113, in _connect_and_exec
    raise HTTPException(status_code=500, detail="Error executing query")
fastapi.exceptions.HTTPException: 500: Error executing query
Traceback (most recent call last):
  File "/Users/vikram/Documents/projects/vendor_helpdesk_agent/database/client.py", line 97, in _connect_and_exec
    cur.execute(query)
  File "/Users/vikram/Documents/projects/vendor_helpdesk_agent/venv/lib/python3.11/site-packages/psycopg/cursor.py", line 97, in execute
    raise ex.with_traceback(None)
psycopg.errors.InsufficientPrivilege: new row violates row-level security policy for table "messages"

During handling of the above exception, another exception occurred:

Traceback (most recent call last):
  File "/Users/vikram/Documents/projects/vendor_helpdesk_agent/database/client.py", line 122, in run_query
    result = await run_in_threadpool(_connect_and_exec, access_token)
             ^^^^^^^^^^^^^^^^^^^^^^^^^^^^^^^^^^^^^^^^^^^^^^^^^^^^^^^^
  File "/Users/vikram/Documents/projects/vendor_helpdesk_agent/venv/lib/python3.11/site-packages/starlette/concurrency.py", line 32, in run_in_threadpool
    return await anyio.to_thread.run_sync(func)
           ^^^^^^^^^^^^^^^^^^^^^^^^^^^^^^^^^^^^
  File "/Users/vikram/Documents/projects/vendor_helpdesk_agent/venv/lib/python3.11/site-packages/anyio/to_thread.py", line 61, in run_sync
    return await get_async_backend().run_sync_in_worker_thread(
           ^^^^^^^^^^^^^^^^^^^^^^^^^^^^^^^^^^^^^^^^^^^^^^^^^^^^
  File "/Users/vikram/Documents/projects/vendor_helpdesk_agent/venv/lib/python3.11/site-packages/anyio/_backends/_asyncio.py", line 2525, in run_sync_in_worker_thread
    return await future
           ^^^^^^^^^^^^
  File "/Users/vikram/Documents/projects/vendor_helpdesk_agent/venv/lib/python3.11/site-packages/anyio/_backends/_asyncio.py", line 986, in run
    result = context.run(func, *args)
             ^^^^^^^^^^^^^^^^^^^^^^^^
  File "/Users/vikram/Documents/projects/vendor_helpdesk_agent/database/client.py", line 113, in _connect_and_exec
    raise HTTPException(status_code=500, detail="Error executing query")
fastapi.exceptions.HTTPException: 500: Error executing query
2025-12-01 20:37:27,172 ERROR app_logger chat_manager:208 - Error saving messages for chat chat_ed9b05870b334f20: 500: Unexpected error executing query
2025-12-01 20:37:27,172 ERROR app_logger nodes:169 - Error auto-saving messages: 500: Unexpected error executing query
2025-12-01 20:37:27,659 ERROR app_logger client:112 - Error executing query: new row violates row-level security policy for table "messages"
Traceback (most recent call last):
  File "/Users/vikram/Documents/projects/vendor_helpdesk_agent/database/client.py", line 97, in _connect_and_exec
    cur.execute(query)
  File "/Users/vikram/Documents/projects/vendor_helpdesk_agent/venv/lib/python3.11/site-packages/psycopg/cursor.py", line 97, in execute
    raise ex.with_traceback(None)
psycopg.errors.InsufficientPrivilege: new row violates row-level security policy for table "messages"
Traceback (most recent call last):
  File "/Users/vikram/Documents/projects/vendor_helpdesk_agent/database/client.py", line 97, in _connect_and_exec
    cur.execute(query)
  File "/Users/vikram/Documents/projects/vendor_helpdesk_agent/venv/lib/python3.11/site-packages/psycopg/cursor.py", line 97, in execute
    raise ex.with_traceback(None)
psycopg.errors.InsufficientPrivilege: new row violates row-level security policy for table "messages"
2025-12-01 20:37:27,660 ERROR app_logger client:155 - Unexpected error in run_query: 500: Error executing query
Traceback (most recent call last):
  File "/Users/vikram/Documents/projects/vendor_helpdesk_agent/database/client.py", line 97, in _connect_and_exec
    cur.execute(query)
  File "/Users/vikram/Documents/projects/vendor_helpdesk_agent/venv/lib/python3.11/site-packages/psycopg/cursor.py", line 97, in execute
    raise ex.with_traceback(None)
psycopg.errors.InsufficientPrivilege: new row violates row-level security policy for table "messages"

During handling of the above exception, another exception occurred:

Traceback (most recent call last):
  File "/Users/vikram/Documents/projects/vendor_helpdesk_agent/database/client.py", line 122, in run_query
    result = await run_in_threadpool(_connect_and_exec, access_token)
             ^^^^^^^^^^^^^^^^^^^^^^^^^^^^^^^^^^^^^^^^^^^^^^^^^^^^^^^^
  File "/Users/vikram/Documents/projects/vendor_helpdesk_agent/venv/lib/python3.11/site-packages/starlette/concurrency.py", line 32, in run_in_threadpool
    return await anyio.to_thread.run_sync(func)
           ^^^^^^^^^^^^^^^^^^^^^^^^^^^^^^^^^^^^
  File "/Users/vikram/Documents/projects/vendor_helpdesk_agent/venv/lib/python3.11/site-packages/anyio/to_thread.py", line 61, in run_sync
    return await get_async_backend().run_sync_in_worker_thread(
           ^^^^^^^^^^^^^^^^^^^^^^^^^^^^^^^^^^^^^^^^^^^^^^^^^^^^
  File "/Users/vikram/Documents/projects/vendor_helpdesk_agent/venv/lib/python3.11/site-packages/anyio/_backends/_asyncio.py", line 2525, in run_sync_in_worker_thread
    return await future
           ^^^^^^^^^^^^
  File "/Users/vikram/Documents/projects/vendor_helpdesk_agent/venv/lib/python3.11/site-packages/anyio/_backends/_asyncio.py", line 986, in run
    result = context.run(func, *args)
             ^^^^^^^^^^^^^^^^^^^^^^^^
  File "/Users/vikram/Documents/projects/vendor_helpdesk_agent/database/client.py", line 113, in _connect_and_exec
    raise HTTPException(status_code=500, detail="Error executing query")
fastapi.exceptions.HTTPException: 500: Error executing query
Traceback (most recent call last):
  File "/Users/vikram/Documents/projects/vendor_helpdesk_agent/database/client.py", line 97, in _connect_and_exec
    cur.execute(query)
  File "/Users/vikram/Documents/projects/vendor_helpdesk_agent/venv/lib/python3.11/site-packages/psycopg/cursor.py", line 97, in execute
    raise ex.with_traceback(None)
psycopg.errors.InsufficientPrivilege: new row violates row-level security policy for table "messages"

During handling of the above exception, another exception occurred:

Traceback (most recent call last):
  File "/Users/vikram/Documents/projects/vendor_helpdesk_agent/database/client.py", line 122, in run_query
    result = await run_in_threadpool(_connect_and_exec, access_token)
             ^^^^^^^^^^^^^^^^^^^^^^^^^^^^^^^^^^^^^^^^^^^^^^^^^^^^^^^^
  File "/Users/vikram/Documents/projects/vendor_helpdesk_agent/venv/lib/python3.11/site-packages/starlette/concurrency.py", line 32, in run_in_threadpool
    return await anyio.to_thread.run_sync(func)
           ^^^^^^^^^^^^^^^^^^^^^^^^^^^^^^^^^^^^
  File "/Users/vikram/Documents/projects/vendor_helpdesk_agent/venv/lib/python3.11/site-packages/anyio/to_thread.py", line 61, in run_sync
    return await get_async_backend().run_sync_in_worker_thread(
           ^^^^^^^^^^^^^^^^^^^^^^^^^^^^^^^^^^^^^^^^^^^^^^^^^^^^
  File "/Users/vikram/Documents/projects/vendor_helpdesk_agent/venv/lib/python3.11/site-packages/anyio/_backends/_asyncio.py", line 2525, in run_sync_in_worker_thread
    return await future
           ^^^^^^^^^^^^
  File "/Users/vikram/Documents/projects/vendor_helpdesk_agent/venv/lib/python3.11/site-packages/anyio/_backends/_asyncio.py", line 986, in run
    result = context.run(func, *args)
             ^^^^^^^^^^^^^^^^^^^^^^^^
  File "/Users/vikram/Documents/projects/vendor_helpdesk_agent/database/client.py", line 113, in _connect_and_exec
    raise HTTPException(status_code=500, detail="Error executing query")
fastapi.exceptions.HTTPException: 500: Error executing query
2025-12-01 20:37:27,660 ERROR app_logger chat_manager:208 - Error saving messages for chat chat_ed9b05870b334f20: 500: Unexpected error executing query
2025-12-01 20:37:27,660 ERROR app_logger routes:140 - Chat error: 500: Unexpected error executing query
2025-12-01 20:40:54,019 INFO app_logger graph:43 - Agent graph created successfully
2025-12-01 20:40:55,372 INFO app_logger graph:43 - Agent graph created successfully
2025-12-01 20:40:58,083 INFO app_logger client:123 - run_query success (initial token) rows=0
2025-12-01 20:40:58,566 INFO app_logger client:123 - run_query success (initial token) rows=1
2025-12-01 20:40:58,567 INFO app_logger chat_manager:86 - Created new chat chat_93fbcd4fe4c44d05 for user 752110e1-4280-4bab-a935-2013305ed39b
2025-12-01 20:40:59,090 INFO app_logger client:123 - run_query success (initial token) rows=0
2025-12-01 20:40:59,090 INFO app_logger nodes:31 - Processing input for chat chat_93fbcd4fe4c44d05
2025-12-01 20:40:59,146 INFO app_logger llm:23 - llm_initialized - model=openai/gpt-oss-120b, provider=groq
2025-12-01 20:40:59,528 INFO app_logger chat_manager:143 - Added pending message for chat chat_93fbcd4fe4c44d05, queue size: 1
2025-12-01 20:40:59,528 INFO app_logger chat_manager:143 - Added pending message for chat chat_93fbcd4fe4c44d05, queue size: 2
2025-12-01 20:40:59,528 INFO app_logger nodes:89 - Generated response for chat chat_93fbcd4fe4c44d05, tokens: 10
2025-12-01 20:41:00,021 ERROR app_logger client:112 - Error executing query: new row violates row-level security policy for table "messages"
Traceback (most recent call last):
  File "/Users/vikram/Documents/projects/vendor_helpdesk_agent/database/client.py", line 97, in _connect_and_exec
    cur.execute(query)
  File "/Users/vikram/Documents/projects/vendor_helpdesk_agent/venv/lib/python3.11/site-packages/psycopg/cursor.py", line 97, in execute
    raise ex.with_traceback(None)
psycopg.errors.InsufficientPrivilege: new row violates row-level security policy for table "messages"
Traceback (most recent call last):
  File "/Users/vikram/Documents/projects/vendor_helpdesk_agent/database/client.py", line 97, in _connect_and_exec
    cur.execute(query)
  File "/Users/vikram/Documents/projects/vendor_helpdesk_agent/venv/lib/python3.11/site-packages/psycopg/cursor.py", line 97, in execute
    raise ex.with_traceback(None)
psycopg.errors.InsufficientPrivilege: new row violates row-level security policy for table "messages"
2025-12-01 20:41:00,022 ERROR app_logger client:155 - Unexpected error in run_query: 500: Error executing query
Traceback (most recent call last):
  File "/Users/vikram/Documents/projects/vendor_helpdesk_agent/database/client.py", line 97, in _connect_and_exec
    cur.execute(query)
  File "/Users/vikram/Documents/projects/vendor_helpdesk_agent/venv/lib/python3.11/site-packages/psycopg/cursor.py", line 97, in execute
    raise ex.with_traceback(None)
psycopg.errors.InsufficientPrivilege: new row violates row-level security policy for table "messages"

During handling of the above exception, another exception occurred:

Traceback (most recent call last):
  File "/Users/vikram/Documents/projects/vendor_helpdesk_agent/database/client.py", line 122, in run_query
    result = await run_in_threadpool(_connect_and_exec, access_token)
             ^^^^^^^^^^^^^^^^^^^^^^^^^^^^^^^^^^^^^^^^^^^^^^^^^^^^^^^^
  File "/Users/vikram/Documents/projects/vendor_helpdesk_agent/venv/lib/python3.11/site-packages/starlette/concurrency.py", line 32, in run_in_threadpool
    return await anyio.to_thread.run_sync(func)
           ^^^^^^^^^^^^^^^^^^^^^^^^^^^^^^^^^^^^
  File "/Users/vikram/Documents/projects/vendor_helpdesk_agent/venv/lib/python3.11/site-packages/anyio/to_thread.py", line 61, in run_sync
    return await get_async_backend().run_sync_in_worker_thread(
           ^^^^^^^^^^^^^^^^^^^^^^^^^^^^^^^^^^^^^^^^^^^^^^^^^^^^
  File "/Users/vikram/Documents/projects/vendor_helpdesk_agent/venv/lib/python3.11/site-packages/anyio/_backends/_asyncio.py", line 2525, in run_sync_in_worker_thread
    return await future
           ^^^^^^^^^^^^
  File "/Users/vikram/Documents/projects/vendor_helpdesk_agent/venv/lib/python3.11/site-packages/anyio/_backends/_asyncio.py", line 986, in run
    result = context.run(func, *args)
             ^^^^^^^^^^^^^^^^^^^^^^^^
  File "/Users/vikram/Documents/projects/vendor_helpdesk_agent/database/client.py", line 113, in _connect_and_exec
    raise HTTPException(status_code=500, detail="Error executing query")
fastapi.exceptions.HTTPException: 500: Error executing query
Traceback (most recent call last):
  File "/Users/vikram/Documents/projects/vendor_helpdesk_agent/database/client.py", line 97, in _connect_and_exec
    cur.execute(query)
  File "/Users/vikram/Documents/projects/vendor_helpdesk_agent/venv/lib/python3.11/site-packages/psycopg/cursor.py", line 97, in execute
    raise ex.with_traceback(None)
psycopg.errors.InsufficientPrivilege: new row violates row-level security policy for table "messages"

During handling of the above exception, another exception occurred:

Traceback (most recent call last):
  File "/Users/vikram/Documents/projects/vendor_helpdesk_agent/database/client.py", line 122, in run_query
    result = await run_in_threadpool(_connect_and_exec, access_token)
             ^^^^^^^^^^^^^^^^^^^^^^^^^^^^^^^^^^^^^^^^^^^^^^^^^^^^^^^^
  File "/Users/vikram/Documents/projects/vendor_helpdesk_agent/venv/lib/python3.11/site-packages/starlette/concurrency.py", line 32, in run_in_threadpool
    return await anyio.to_thread.run_sync(func)
           ^^^^^^^^^^^^^^^^^^^^^^^^^^^^^^^^^^^^
  File "/Users/vikram/Documents/projects/vendor_helpdesk_agent/venv/lib/python3.11/site-packages/anyio/to_thread.py", line 61, in run_sync
    return await get_async_backend().run_sync_in_worker_thread(
           ^^^^^^^^^^^^^^^^^^^^^^^^^^^^^^^^^^^^^^^^^^^^^^^^^^^^
  File "/Users/vikram/Documents/projects/vendor_helpdesk_agent/venv/lib/python3.11/site-packages/anyio/_backends/_asyncio.py", line 2525, in run_sync_in_worker_thread
    return await future
           ^^^^^^^^^^^^
  File "/Users/vikram/Documents/projects/vendor_helpdesk_agent/venv/lib/python3.11/site-packages/anyio/_backends/_asyncio.py", line 986, in run
    result = context.run(func, *args)
             ^^^^^^^^^^^^^^^^^^^^^^^^
  File "/Users/vikram/Documents/projects/vendor_helpdesk_agent/database/client.py", line 113, in _connect_and_exec
    raise HTTPException(status_code=500, detail="Error executing query")
fastapi.exceptions.HTTPException: 500: Error executing query
2025-12-01 20:41:00,022 ERROR app_logger chat_manager:208 - Error saving messages for chat chat_93fbcd4fe4c44d05: 500: Unexpected error executing query
2025-12-01 20:41:00,022 ERROR app_logger nodes:169 - Error auto-saving messages: 500: Unexpected error executing query
2025-12-01 20:41:00,399 ERROR app_logger client:112 - Error executing query: new row violates row-level security policy for table "messages"
Traceback (most recent call last):
  File "/Users/vikram/Documents/projects/vendor_helpdesk_agent/database/client.py", line 97, in _connect_and_exec
    cur.execute(query)
  File "/Users/vikram/Documents/projects/vendor_helpdesk_agent/venv/lib/python3.11/site-packages/psycopg/cursor.py", line 97, in execute
    raise ex.with_traceback(None)
psycopg.errors.InsufficientPrivilege: new row violates row-level security policy for table "messages"
Traceback (most recent call last):
  File "/Users/vikram/Documents/projects/vendor_helpdesk_agent/database/client.py", line 97, in _connect_and_exec
    cur.execute(query)
  File "/Users/vikram/Documents/projects/vendor_helpdesk_agent/venv/lib/python3.11/site-packages/psycopg/cursor.py", line 97, in execute
    raise ex.with_traceback(None)
psycopg.errors.InsufficientPrivilege: new row violates row-level security policy for table "messages"
2025-12-01 20:41:00,401 ERROR app_logger client:155 - Unexpected error in run_query: 500: Error executing query
Traceback (most recent call last):
  File "/Users/vikram/Documents/projects/vendor_helpdesk_agent/database/client.py", line 97, in _connect_and_exec
    cur.execute(query)
  File "/Users/vikram/Documents/projects/vendor_helpdesk_agent/venv/lib/python3.11/site-packages/psycopg/cursor.py", line 97, in execute
    raise ex.with_traceback(None)
psycopg.errors.InsufficientPrivilege: new row violates row-level security policy for table "messages"

During handling of the above exception, another exception occurred:

Traceback (most recent call last):
  File "/Users/vikram/Documents/projects/vendor_helpdesk_agent/database/client.py", line 122, in run_query
    result = await run_in_threadpool(_connect_and_exec, access_token)
             ^^^^^^^^^^^^^^^^^^^^^^^^^^^^^^^^^^^^^^^^^^^^^^^^^^^^^^^^
  File "/Users/vikram/Documents/projects/vendor_helpdesk_agent/venv/lib/python3.11/site-packages/starlette/concurrency.py", line 32, in run_in_threadpool
    return await anyio.to_thread.run_sync(func)
           ^^^^^^^^^^^^^^^^^^^^^^^^^^^^^^^^^^^^
  File "/Users/vikram/Documents/projects/vendor_helpdesk_agent/venv/lib/python3.11/site-packages/anyio/to_thread.py", line 61, in run_sync
    return await get_async_backend().run_sync_in_worker_thread(
           ^^^^^^^^^^^^^^^^^^^^^^^^^^^^^^^^^^^^^^^^^^^^^^^^^^^^
  File "/Users/vikram/Documents/projects/vendor_helpdesk_agent/venv/lib/python3.11/site-packages/anyio/_backends/_asyncio.py", line 2525, in run_sync_in_worker_thread
    return await future
           ^^^^^^^^^^^^
  File "/Users/vikram/Documents/projects/vendor_helpdesk_agent/venv/lib/python3.11/site-packages/anyio/_backends/_asyncio.py", line 986, in run
    result = context.run(func, *args)
             ^^^^^^^^^^^^^^^^^^^^^^^^
  File "/Users/vikram/Documents/projects/vendor_helpdesk_agent/database/client.py", line 113, in _connect_and_exec
    raise HTTPException(status_code=500, detail="Error executing query")
fastapi.exceptions.HTTPException: 500: Error executing query
Traceback (most recent call last):
  File "/Users/vikram/Documents/projects/vendor_helpdesk_agent/database/client.py", line 97, in _connect_and_exec
    cur.execute(query)
  File "/Users/vikram/Documents/projects/vendor_helpdesk_agent/venv/lib/python3.11/site-packages/psycopg/cursor.py", line 97, in execute
    raise ex.with_traceback(None)
psycopg.errors.InsufficientPrivilege: new row violates row-level security policy for table "messages"

During handling of the above exception, another exception occurred:

Traceback (most recent call last):
  File "/Users/vikram/Documents/projects/vendor_helpdesk_agent/database/client.py", line 122, in run_query
    result = await run_in_threadpool(_connect_and_exec, access_token)
             ^^^^^^^^^^^^^^^^^^^^^^^^^^^^^^^^^^^^^^^^^^^^^^^^^^^^^^^^
  File "/Users/vikram/Documents/projects/vendor_helpdesk_agent/venv/lib/python3.11/site-packages/starlette/concurrency.py", line 32, in run_in_threadpool
    return await anyio.to_thread.run_sync(func)
           ^^^^^^^^^^^^^^^^^^^^^^^^^^^^^^^^^^^^
  File "/Users/vikram/Documents/projects/vendor_helpdesk_agent/venv/lib/python3.11/site-packages/anyio/to_thread.py", line 61, in run_sync
    return await get_async_backend().run_sync_in_worker_thread(
           ^^^^^^^^^^^^^^^^^^^^^^^^^^^^^^^^^^^^^^^^^^^^^^^^^^^^
  File "/Users/vikram/Documents/projects/vendor_helpdesk_agent/venv/lib/python3.11/site-packages/anyio/_backends/_asyncio.py", line 2525, in run_sync_in_worker_thread
    return await future
           ^^^^^^^^^^^^
  File "/Users/vikram/Documents/projects/vendor_helpdesk_agent/venv/lib/python3.11/site-packages/anyio/_backends/_asyncio.py", line 986, in run
    result = context.run(func, *args)
             ^^^^^^^^^^^^^^^^^^^^^^^^
  File "/Users/vikram/Documents/projects/vendor_helpdesk_agent/database/client.py", line 113, in _connect_and_exec
    raise HTTPException(status_code=500, detail="Error executing query")
fastapi.exceptions.HTTPException: 500: Error executing query
2025-12-01 20:41:00,402 ERROR app_logger chat_manager:208 - Error saving messages for chat chat_93fbcd4fe4c44d05: 500: Unexpected error executing query
2025-12-01 20:41:00,402 ERROR app_logger routes:140 - Chat error: 500: Unexpected error executing query
2025-12-01 20:48:17,231 INFO app_logger client:123 - run_query success (initial token) rows=0
2025-12-01 20:48:17,610 INFO app_logger client:123 - run_query success (initial token) rows=1
2025-12-01 20:48:17,611 INFO app_logger chat_manager:86 - Created new chat chat_c7af36621fc748ac for user 752110e1-4280-4bab-a935-2013305ed39b
2025-12-01 20:48:17,959 INFO app_logger client:123 - run_query success (initial token) rows=0
2025-12-01 20:48:17,959 INFO app_logger nodes:31 - Processing input for chat chat_c7af36621fc748ac
2025-12-01 20:48:18,319 INFO app_logger chat_manager:143 - Added pending message for chat chat_c7af36621fc748ac, queue size: 1
2025-12-01 20:48:18,319 INFO app_logger chat_manager:143 - Added pending message for chat chat_c7af36621fc748ac, queue size: 2
2025-12-01 20:48:18,320 INFO app_logger nodes:89 - Generated response for chat chat_c7af36621fc748ac, tokens: 10
2025-12-01 20:48:18,812 ERROR app_logger client:112 - Error executing query: insert or update on table "messages" violates foreign key constraint "messages_chat_id_fkey"
DETAIL:  Key (chat_id)=(chat_c7af36621fc748ac) is not present in table "chats".
Traceback (most recent call last):
  File "/Users/vikram/Documents/projects/vendor_helpdesk_agent/database/client.py", line 97, in _connect_and_exec
    cur.execute(query)
  File "/Users/vikram/Documents/projects/vendor_helpdesk_agent/venv/lib/python3.11/site-packages/psycopg/cursor.py", line 97, in execute
    raise ex.with_traceback(None)
psycopg.errors.ForeignKeyViolation: insert or update on table "messages" violates foreign key constraint "messages_chat_id_fkey"
DETAIL:  Key (chat_id)=(chat_c7af36621fc748ac) is not present in table "chats".
Traceback (most recent call last):
  File "/Users/vikram/Documents/projects/vendor_helpdesk_agent/database/client.py", line 97, in _connect_and_exec
    cur.execute(query)
  File "/Users/vikram/Documents/projects/vendor_helpdesk_agent/venv/lib/python3.11/site-packages/psycopg/cursor.py", line 97, in execute
    raise ex.with_traceback(None)
psycopg.errors.ForeignKeyViolation: insert or update on table "messages" violates foreign key constraint "messages_chat_id_fkey"
DETAIL:  Key (chat_id)=(chat_c7af36621fc748ac) is not present in table "chats".
2025-12-01 20:48:18,813 ERROR app_logger client:155 - Unexpected error in run_query: 500: Error executing query
Traceback (most recent call last):
  File "/Users/vikram/Documents/projects/vendor_helpdesk_agent/database/client.py", line 97, in _connect_and_exec
    cur.execute(query)
  File "/Users/vikram/Documents/projects/vendor_helpdesk_agent/venv/lib/python3.11/site-packages/psycopg/cursor.py", line 97, in execute
    raise ex.with_traceback(None)
psycopg.errors.ForeignKeyViolation: insert or update on table "messages" violates foreign key constraint "messages_chat_id_fkey"
DETAIL:  Key (chat_id)=(chat_c7af36621fc748ac) is not present in table "chats".

During handling of the above exception, another exception occurred:

Traceback (most recent call last):
  File "/Users/vikram/Documents/projects/vendor_helpdesk_agent/database/client.py", line 122, in run_query
    result = await run_in_threadpool(_connect_and_exec, access_token)
             ^^^^^^^^^^^^^^^^^^^^^^^^^^^^^^^^^^^^^^^^^^^^^^^^^^^^^^^^
  File "/Users/vikram/Documents/projects/vendor_helpdesk_agent/venv/lib/python3.11/site-packages/starlette/concurrency.py", line 32, in run_in_threadpool
    return await anyio.to_thread.run_sync(func)
           ^^^^^^^^^^^^^^^^^^^^^^^^^^^^^^^^^^^^
  File "/Users/vikram/Documents/projects/vendor_helpdesk_agent/venv/lib/python3.11/site-packages/anyio/to_thread.py", line 61, in run_sync
    return await get_async_backend().run_sync_in_worker_thread(
           ^^^^^^^^^^^^^^^^^^^^^^^^^^^^^^^^^^^^^^^^^^^^^^^^^^^^
  File "/Users/vikram/Documents/projects/vendor_helpdesk_agent/venv/lib/python3.11/site-packages/anyio/_backends/_asyncio.py", line 2525, in run_sync_in_worker_thread
    return await future
           ^^^^^^^^^^^^
  File "/Users/vikram/Documents/projects/vendor_helpdesk_agent/venv/lib/python3.11/site-packages/anyio/_backends/_asyncio.py", line 986, in run
    result = context.run(func, *args)
             ^^^^^^^^^^^^^^^^^^^^^^^^
  File "/Users/vikram/Documents/projects/vendor_helpdesk_agent/database/client.py", line 113, in _connect_and_exec
    raise HTTPException(status_code=500, detail="Error executing query")
fastapi.exceptions.HTTPException: 500: Error executing query
Traceback (most recent call last):
  File "/Users/vikram/Documents/projects/vendor_helpdesk_agent/database/client.py", line 97, in _connect_and_exec
    cur.execute(query)
  File "/Users/vikram/Documents/projects/vendor_helpdesk_agent/venv/lib/python3.11/site-packages/psycopg/cursor.py", line 97, in execute
    raise ex.with_traceback(None)
psycopg.errors.ForeignKeyViolation: insert or update on table "messages" violates foreign key constraint "messages_chat_id_fkey"
DETAIL:  Key (chat_id)=(chat_c7af36621fc748ac) is not present in table "chats".

During handling of the above exception, another exception occurred:

Traceback (most recent call last):
  File "/Users/vikram/Documents/projects/vendor_helpdesk_agent/database/client.py", line 122, in run_query
    result = await run_in_threadpool(_connect_and_exec, access_token)
             ^^^^^^^^^^^^^^^^^^^^^^^^^^^^^^^^^^^^^^^^^^^^^^^^^^^^^^^^
  File "/Users/vikram/Documents/projects/vendor_helpdesk_agent/venv/lib/python3.11/site-packages/starlette/concurrency.py", line 32, in run_in_threadpool
    return await anyio.to_thread.run_sync(func)
           ^^^^^^^^^^^^^^^^^^^^^^^^^^^^^^^^^^^^
  File "/Users/vikram/Documents/projects/vendor_helpdesk_agent/venv/lib/python3.11/site-packages/anyio/to_thread.py", line 61, in run_sync
    return await get_async_backend().run_sync_in_worker_thread(
           ^^^^^^^^^^^^^^^^^^^^^^^^^^^^^^^^^^^^^^^^^^^^^^^^^^^^
  File "/Users/vikram/Documents/projects/vendor_helpdesk_agent/venv/lib/python3.11/site-packages/anyio/_backends/_asyncio.py", line 2525, in run_sync_in_worker_thread
    return await future
           ^^^^^^^^^^^^
  File "/Users/vikram/Documents/projects/vendor_helpdesk_agent/venv/lib/python3.11/site-packages/anyio/_backends/_asyncio.py", line 986, in run
    result = context.run(func, *args)
             ^^^^^^^^^^^^^^^^^^^^^^^^
  File "/Users/vikram/Documents/projects/vendor_helpdesk_agent/database/client.py", line 113, in _connect_and_exec
    raise HTTPException(status_code=500, detail="Error executing query")
fastapi.exceptions.HTTPException: 500: Error executing query
2025-12-01 20:48:18,813 ERROR app_logger chat_manager:208 - Error saving messages for chat chat_c7af36621fc748ac: 500: Unexpected error executing query
2025-12-01 20:48:18,813 ERROR app_logger nodes:169 - Error auto-saving messages: 500: Unexpected error executing query
2025-12-01 20:48:19,330 ERROR app_logger client:112 - Error executing query: insert or update on table "messages" violates foreign key constraint "messages_chat_id_fkey"
DETAIL:  Key (chat_id)=(chat_c7af36621fc748ac) is not present in table "chats".
Traceback (most recent call last):
  File "/Users/vikram/Documents/projects/vendor_helpdesk_agent/database/client.py", line 97, in _connect_and_exec
    cur.execute(query)
  File "/Users/vikram/Documents/projects/vendor_helpdesk_agent/venv/lib/python3.11/site-packages/psycopg/cursor.py", line 97, in execute
    raise ex.with_traceback(None)
psycopg.errors.ForeignKeyViolation: insert or update on table "messages" violates foreign key constraint "messages_chat_id_fkey"
DETAIL:  Key (chat_id)=(chat_c7af36621fc748ac) is not present in table "chats".
Traceback (most recent call last):
  File "/Users/vikram/Documents/projects/vendor_helpdesk_agent/database/client.py", line 97, in _connect_and_exec
    cur.execute(query)
  File "/Users/vikram/Documents/projects/vendor_helpdesk_agent/venv/lib/python3.11/site-packages/psycopg/cursor.py", line 97, in execute
    raise ex.with_traceback(None)
psycopg.errors.ForeignKeyViolation: insert or update on table "messages" violates foreign key constraint "messages_chat_id_fkey"
DETAIL:  Key (chat_id)=(chat_c7af36621fc748ac) is not present in table "chats".
2025-12-01 20:48:19,331 ERROR app_logger client:155 - Unexpected error in run_query: 500: Error executing query
Traceback (most recent call last):
  File "/Users/vikram/Documents/projects/vendor_helpdesk_agent/database/client.py", line 97, in _connect_and_exec
    cur.execute(query)
  File "/Users/vikram/Documents/projects/vendor_helpdesk_agent/venv/lib/python3.11/site-packages/psycopg/cursor.py", line 97, in execute
    raise ex.with_traceback(None)
psycopg.errors.ForeignKeyViolation: insert or update on table "messages" violates foreign key constraint "messages_chat_id_fkey"
DETAIL:  Key (chat_id)=(chat_c7af36621fc748ac) is not present in table "chats".

During handling of the above exception, another exception occurred:

Traceback (most recent call last):
  File "/Users/vikram/Documents/projects/vendor_helpdesk_agent/database/client.py", line 122, in run_query
    result = await run_in_threadpool(_connect_and_exec, access_token)
             ^^^^^^^^^^^^^^^^^^^^^^^^^^^^^^^^^^^^^^^^^^^^^^^^^^^^^^^^
  File "/Users/vikram/Documents/projects/vendor_helpdesk_agent/venv/lib/python3.11/site-packages/starlette/concurrency.py", line 32, in run_in_threadpool
    return await anyio.to_thread.run_sync(func)
           ^^^^^^^^^^^^^^^^^^^^^^^^^^^^^^^^^^^^
  File "/Users/vikram/Documents/projects/vendor_helpdesk_agent/venv/lib/python3.11/site-packages/anyio/to_thread.py", line 61, in run_sync
    return await get_async_backend().run_sync_in_worker_thread(
           ^^^^^^^^^^^^^^^^^^^^^^^^^^^^^^^^^^^^^^^^^^^^^^^^^^^^
  File "/Users/vikram/Documents/projects/vendor_helpdesk_agent/venv/lib/python3.11/site-packages/anyio/_backends/_asyncio.py", line 2525, in run_sync_in_worker_thread
    return await future
           ^^^^^^^^^^^^
  File "/Users/vikram/Documents/projects/vendor_helpdesk_agent/venv/lib/python3.11/site-packages/anyio/_backends/_asyncio.py", line 986, in run
    result = context.run(func, *args)
             ^^^^^^^^^^^^^^^^^^^^^^^^
  File "/Users/vikram/Documents/projects/vendor_helpdesk_agent/database/client.py", line 113, in _connect_and_exec
    raise HTTPException(status_code=500, detail="Error executing query")
fastapi.exceptions.HTTPException: 500: Error executing query
Traceback (most recent call last):
  File "/Users/vikram/Documents/projects/vendor_helpdesk_agent/database/client.py", line 97, in _connect_and_exec
    cur.execute(query)
  File "/Users/vikram/Documents/projects/vendor_helpdesk_agent/venv/lib/python3.11/site-packages/psycopg/cursor.py", line 97, in execute
    raise ex.with_traceback(None)
psycopg.errors.ForeignKeyViolation: insert or update on table "messages" violates foreign key constraint "messages_chat_id_fkey"
DETAIL:  Key (chat_id)=(chat_c7af36621fc748ac) is not present in table "chats".

During handling of the above exception, another exception occurred:

Traceback (most recent call last):
  File "/Users/vikram/Documents/projects/vendor_helpdesk_agent/database/client.py", line 122, in run_query
    result = await run_in_threadpool(_connect_and_exec, access_token)
             ^^^^^^^^^^^^^^^^^^^^^^^^^^^^^^^^^^^^^^^^^^^^^^^^^^^^^^^^
  File "/Users/vikram/Documents/projects/vendor_helpdesk_agent/venv/lib/python3.11/site-packages/starlette/concurrency.py", line 32, in run_in_threadpool
    return await anyio.to_thread.run_sync(func)
           ^^^^^^^^^^^^^^^^^^^^^^^^^^^^^^^^^^^^
  File "/Users/vikram/Documents/projects/vendor_helpdesk_agent/venv/lib/python3.11/site-packages/anyio/to_thread.py", line 61, in run_sync
    return await get_async_backend().run_sync_in_worker_thread(
           ^^^^^^^^^^^^^^^^^^^^^^^^^^^^^^^^^^^^^^^^^^^^^^^^^^^^
  File "/Users/vikram/Documents/projects/vendor_helpdesk_agent/venv/lib/python3.11/site-packages/anyio/_backends/_asyncio.py", line 2525, in run_sync_in_worker_thread
    return await future
           ^^^^^^^^^^^^
  File "/Users/vikram/Documents/projects/vendor_helpdesk_agent/venv/lib/python3.11/site-packages/anyio/_backends/_asyncio.py", line 986, in run
    result = context.run(func, *args)
             ^^^^^^^^^^^^^^^^^^^^^^^^
  File "/Users/vikram/Documents/projects/vendor_helpdesk_agent/database/client.py", line 113, in _connect_and_exec
    raise HTTPException(status_code=500, detail="Error executing query")
fastapi.exceptions.HTTPException: 500: Error executing query
2025-12-01 20:48:19,331 ERROR app_logger chat_manager:208 - Error saving messages for chat chat_c7af36621fc748ac: 500: Unexpected error executing query
2025-12-01 20:48:19,331 ERROR app_logger routes:140 - Chat error: 500: Unexpected error executing query
2025-12-01 20:48:38,376 INFO app_logger graph:43 - Agent graph created successfully
2025-12-01 20:49:21,092 INFO app_logger graph:43 - Agent graph created successfully
2025-12-01 20:49:22,440 INFO app_logger graph:43 - Agent graph created successfully
2025-12-01 20:49:38,579 INFO app_logger client:46 - User signed in: email=vikram.dev@pwc.com (uid=752110e1-4280-4bab-a935-2013305ed39b)
2025-12-01 20:49:39,003 INFO app_logger client:123 - run_query success (initial token) rows=0
2025-12-01 20:49:39,003 INFO app_logger chat_manager:239 - Loaded 0 chats for user 752110e1-4280-4bab-a935-2013305ed39b
2025-12-01 20:49:43,397 INFO app_logger client:123 - run_query success (initial token) rows=0
2025-12-01 20:49:43,917 INFO app_logger client:123 - run_query success (initial token) rows=1
2025-12-01 20:49:43,917 INFO app_logger chat_manager:86 - Created new chat chat_d45728212e024e08 for user 752110e1-4280-4bab-a935-2013305ed39b
2025-12-01 20:49:44,421 INFO app_logger client:123 - run_query success (initial token) rows=0
2025-12-01 20:49:44,421 INFO app_logger nodes:31 - Processing input for chat chat_d45728212e024e08
2025-12-01 20:49:44,465 INFO app_logger llm:23 - llm_initialized - model=openai/gpt-oss-120b, provider=groq
2025-12-01 20:49:45,010 INFO app_logger chat_manager:143 - Added pending message for chat chat_d45728212e024e08, queue size: 1
2025-12-01 20:49:45,010 INFO app_logger chat_manager:143 - Added pending message for chat chat_d45728212e024e08, queue size: 2
2025-12-01 20:49:45,011 INFO app_logger nodes:89 - Generated response for chat chat_d45728212e024e08, tokens: 10
2025-12-01 20:49:45,540 ERROR app_logger client:112 - Error executing query: insert or update on table "messages" violates foreign key constraint "messages_chat_id_fkey"
DETAIL:  Key (chat_id)=(chat_d45728212e024e08) is not present in table "chats".
Traceback (most recent call last):
  File "/Users/vikram/Documents/projects/vendor_helpdesk_agent/database/client.py", line 97, in _connect_and_exec
    cur.execute(query)
  File "/Users/vikram/Documents/projects/vendor_helpdesk_agent/venv/lib/python3.11/site-packages/psycopg/cursor.py", line 97, in execute
    raise ex.with_traceback(None)
psycopg.errors.ForeignKeyViolation: insert or update on table "messages" violates foreign key constraint "messages_chat_id_fkey"
DETAIL:  Key (chat_id)=(chat_d45728212e024e08) is not present in table "chats".
Traceback (most recent call last):
  File "/Users/vikram/Documents/projects/vendor_helpdesk_agent/database/client.py", line 97, in _connect_and_exec
    cur.execute(query)
  File "/Users/vikram/Documents/projects/vendor_helpdesk_agent/venv/lib/python3.11/site-packages/psycopg/cursor.py", line 97, in execute
    raise ex.with_traceback(None)
psycopg.errors.ForeignKeyViolation: insert or update on table "messages" violates foreign key constraint "messages_chat_id_fkey"
DETAIL:  Key (chat_id)=(chat_d45728212e024e08) is not present in table "chats".
2025-12-01 20:49:45,547 ERROR app_logger client:155 - Unexpected error in run_query: 500: Error executing query
Traceback (most recent call last):
  File "/Users/vikram/Documents/projects/vendor_helpdesk_agent/database/client.py", line 97, in _connect_and_exec
    cur.execute(query)
  File "/Users/vikram/Documents/projects/vendor_helpdesk_agent/venv/lib/python3.11/site-packages/psycopg/cursor.py", line 97, in execute
    raise ex.with_traceback(None)
psycopg.errors.ForeignKeyViolation: insert or update on table "messages" violates foreign key constraint "messages_chat_id_fkey"
DETAIL:  Key (chat_id)=(chat_d45728212e024e08) is not present in table "chats".

During handling of the above exception, another exception occurred:

Traceback (most recent call last):
  File "/Users/vikram/Documents/projects/vendor_helpdesk_agent/database/client.py", line 122, in run_query
    result = await run_in_threadpool(_connect_and_exec, access_token)
             ^^^^^^^^^^^^^^^^^^^^^^^^^^^^^^^^^^^^^^^^^^^^^^^^^^^^^^^^
  File "/Users/vikram/Documents/projects/vendor_helpdesk_agent/venv/lib/python3.11/site-packages/starlette/concurrency.py", line 32, in run_in_threadpool
    return await anyio.to_thread.run_sync(func)
           ^^^^^^^^^^^^^^^^^^^^^^^^^^^^^^^^^^^^
  File "/Users/vikram/Documents/projects/vendor_helpdesk_agent/venv/lib/python3.11/site-packages/anyio/to_thread.py", line 61, in run_sync
    return await get_async_backend().run_sync_in_worker_thread(
           ^^^^^^^^^^^^^^^^^^^^^^^^^^^^^^^^^^^^^^^^^^^^^^^^^^^^
  File "/Users/vikram/Documents/projects/vendor_helpdesk_agent/venv/lib/python3.11/site-packages/anyio/_backends/_asyncio.py", line 2525, in run_sync_in_worker_thread
    return await future
           ^^^^^^^^^^^^
  File "/Users/vikram/Documents/projects/vendor_helpdesk_agent/venv/lib/python3.11/site-packages/anyio/_backends/_asyncio.py", line 986, in run
    result = context.run(func, *args)
             ^^^^^^^^^^^^^^^^^^^^^^^^
  File "/Users/vikram/Documents/projects/vendor_helpdesk_agent/database/client.py", line 113, in _connect_and_exec
    raise HTTPException(status_code=500, detail="Error executing query")
fastapi.exceptions.HTTPException: 500: Error executing query
Traceback (most recent call last):
  File "/Users/vikram/Documents/projects/vendor_helpdesk_agent/database/client.py", line 97, in _connect_and_exec
    cur.execute(query)
  File "/Users/vikram/Documents/projects/vendor_helpdesk_agent/venv/lib/python3.11/site-packages/psycopg/cursor.py", line 97, in execute
    raise ex.with_traceback(None)
psycopg.errors.ForeignKeyViolation: insert or update on table "messages" violates foreign key constraint "messages_chat_id_fkey"
DETAIL:  Key (chat_id)=(chat_d45728212e024e08) is not present in table "chats".

During handling of the above exception, another exception occurred:

Traceback (most recent call last):
  File "/Users/vikram/Documents/projects/vendor_helpdesk_agent/database/client.py", line 122, in run_query
    result = await run_in_threadpool(_connect_and_exec, access_token)
             ^^^^^^^^^^^^^^^^^^^^^^^^^^^^^^^^^^^^^^^^^^^^^^^^^^^^^^^^
  File "/Users/vikram/Documents/projects/vendor_helpdesk_agent/venv/lib/python3.11/site-packages/starlette/concurrency.py", line 32, in run_in_threadpool
    return await anyio.to_thread.run_sync(func)
           ^^^^^^^^^^^^^^^^^^^^^^^^^^^^^^^^^^^^
  File "/Users/vikram/Documents/projects/vendor_helpdesk_agent/venv/lib/python3.11/site-packages/anyio/to_thread.py", line 61, in run_sync
    return await get_async_backend().run_sync_in_worker_thread(
           ^^^^^^^^^^^^^^^^^^^^^^^^^^^^^^^^^^^^^^^^^^^^^^^^^^^^
  File "/Users/vikram/Documents/projects/vendor_helpdesk_agent/venv/lib/python3.11/site-packages/anyio/_backends/_asyncio.py", line 2525, in run_sync_in_worker_thread
    return await future
           ^^^^^^^^^^^^
  File "/Users/vikram/Documents/projects/vendor_helpdesk_agent/venv/lib/python3.11/site-packages/anyio/_backends/_asyncio.py", line 986, in run
    result = context.run(func, *args)
             ^^^^^^^^^^^^^^^^^^^^^^^^
  File "/Users/vikram/Documents/projects/vendor_helpdesk_agent/database/client.py", line 113, in _connect_and_exec
    raise HTTPException(status_code=500, detail="Error executing query")
fastapi.exceptions.HTTPException: 500: Error executing query
2025-12-01 20:49:45,548 ERROR app_logger chat_manager:208 - Error saving messages for chat chat_d45728212e024e08: 500: Unexpected error executing query
2025-12-01 20:49:45,548 ERROR app_logger nodes:169 - Error auto-saving messages: 500: Unexpected error executing query
2025-12-01 20:49:45,902 ERROR app_logger client:112 - Error executing query: insert or update on table "messages" violates foreign key constraint "messages_chat_id_fkey"
DETAIL:  Key (chat_id)=(chat_d45728212e024e08) is not present in table "chats".
Traceback (most recent call last):
  File "/Users/vikram/Documents/projects/vendor_helpdesk_agent/database/client.py", line 97, in _connect_and_exec
    cur.execute(query)
  File "/Users/vikram/Documents/projects/vendor_helpdesk_agent/venv/lib/python3.11/site-packages/psycopg/cursor.py", line 97, in execute
    raise ex.with_traceback(None)
psycopg.errors.ForeignKeyViolation: insert or update on table "messages" violates foreign key constraint "messages_chat_id_fkey"
DETAIL:  Key (chat_id)=(chat_d45728212e024e08) is not present in table "chats".
Traceback (most recent call last):
  File "/Users/vikram/Documents/projects/vendor_helpdesk_agent/database/client.py", line 97, in _connect_and_exec
    cur.execute(query)
  File "/Users/vikram/Documents/projects/vendor_helpdesk_agent/venv/lib/python3.11/site-packages/psycopg/cursor.py", line 97, in execute
    raise ex.with_traceback(None)
psycopg.errors.ForeignKeyViolation: insert or update on table "messages" violates foreign key constraint "messages_chat_id_fkey"
DETAIL:  Key (chat_id)=(chat_d45728212e024e08) is not present in table "chats".
2025-12-01 20:49:45,903 ERROR app_logger client:155 - Unexpected error in run_query: 500: Error executing query
Traceback (most recent call last):
  File "/Users/vikram/Documents/projects/vendor_helpdesk_agent/database/client.py", line 97, in _connect_and_exec
    cur.execute(query)
  File "/Users/vikram/Documents/projects/vendor_helpdesk_agent/venv/lib/python3.11/site-packages/psycopg/cursor.py", line 97, in execute
    raise ex.with_traceback(None)
psycopg.errors.ForeignKeyViolation: insert or update on table "messages" violates foreign key constraint "messages_chat_id_fkey"
DETAIL:  Key (chat_id)=(chat_d45728212e024e08) is not present in table "chats".

During handling of the above exception, another exception occurred:

Traceback (most recent call last):
  File "/Users/vikram/Documents/projects/vendor_helpdesk_agent/database/client.py", line 122, in run_query
    result = await run_in_threadpool(_connect_and_exec, access_token)
             ^^^^^^^^^^^^^^^^^^^^^^^^^^^^^^^^^^^^^^^^^^^^^^^^^^^^^^^^
  File "/Users/vikram/Documents/projects/vendor_helpdesk_agent/venv/lib/python3.11/site-packages/starlette/concurrency.py", line 32, in run_in_threadpool
    return await anyio.to_thread.run_sync(func)
           ^^^^^^^^^^^^^^^^^^^^^^^^^^^^^^^^^^^^
  File "/Users/vikram/Documents/projects/vendor_helpdesk_agent/venv/lib/python3.11/site-packages/anyio/to_thread.py", line 61, in run_sync
    return await get_async_backend().run_sync_in_worker_thread(
           ^^^^^^^^^^^^^^^^^^^^^^^^^^^^^^^^^^^^^^^^^^^^^^^^^^^^
  File "/Users/vikram/Documents/projects/vendor_helpdesk_agent/venv/lib/python3.11/site-packages/anyio/_backends/_asyncio.py", line 2525, in run_sync_in_worker_thread
    return await future
           ^^^^^^^^^^^^
  File "/Users/vikram/Documents/projects/vendor_helpdesk_agent/venv/lib/python3.11/site-packages/anyio/_backends/_asyncio.py", line 986, in run
    result = context.run(func, *args)
             ^^^^^^^^^^^^^^^^^^^^^^^^
  File "/Users/vikram/Documents/projects/vendor_helpdesk_agent/database/client.py", line 113, in _connect_and_exec
    raise HTTPException(status_code=500, detail="Error executing query")
fastapi.exceptions.HTTPException: 500: Error executing query
Traceback (most recent call last):
  File "/Users/vikram/Documents/projects/vendor_helpdesk_agent/database/client.py", line 97, in _connect_and_exec
    cur.execute(query)
  File "/Users/vikram/Documents/projects/vendor_helpdesk_agent/venv/lib/python3.11/site-packages/psycopg/cursor.py", line 97, in execute
    raise ex.with_traceback(None)
psycopg.errors.ForeignKeyViolation: insert or update on table "messages" violates foreign key constraint "messages_chat_id_fkey"
DETAIL:  Key (chat_id)=(chat_d45728212e024e08) is not present in table "chats".

During handling of the above exception, another exception occurred:

Traceback (most recent call last):
  File "/Users/vikram/Documents/projects/vendor_helpdesk_agent/database/client.py", line 122, in run_query
    result = await run_in_threadpool(_connect_and_exec, access_token)
             ^^^^^^^^^^^^^^^^^^^^^^^^^^^^^^^^^^^^^^^^^^^^^^^^^^^^^^^^
  File "/Users/vikram/Documents/projects/vendor_helpdesk_agent/venv/lib/python3.11/site-packages/starlette/concurrency.py", line 32, in run_in_threadpool
    return await anyio.to_thread.run_sync(func)
           ^^^^^^^^^^^^^^^^^^^^^^^^^^^^^^^^^^^^
  File "/Users/vikram/Documents/projects/vendor_helpdesk_agent/venv/lib/python3.11/site-packages/anyio/to_thread.py", line 61, in run_sync
    return await get_async_backend().run_sync_in_worker_thread(
           ^^^^^^^^^^^^^^^^^^^^^^^^^^^^^^^^^^^^^^^^^^^^^^^^^^^^
  File "/Users/vikram/Documents/projects/vendor_helpdesk_agent/venv/lib/python3.11/site-packages/anyio/_backends/_asyncio.py", line 2525, in run_sync_in_worker_thread
    return await future
           ^^^^^^^^^^^^
  File "/Users/vikram/Documents/projects/vendor_helpdesk_agent/venv/lib/python3.11/site-packages/anyio/_backends/_asyncio.py", line 986, in run
    result = context.run(func, *args)
             ^^^^^^^^^^^^^^^^^^^^^^^^
  File "/Users/vikram/Documents/projects/vendor_helpdesk_agent/database/client.py", line 113, in _connect_and_exec
    raise HTTPException(status_code=500, detail="Error executing query")
fastapi.exceptions.HTTPException: 500: Error executing query
2025-12-01 20:49:45,904 ERROR app_logger chat_manager:208 - Error saving messages for chat chat_d45728212e024e08: 500: Unexpected error executing query
2025-12-01 20:49:45,904 ERROR app_logger routes:140 - Chat error: 500: Unexpected error executing query
2025-12-01 20:57:08,956 INFO app_logger graph:43 - Agent graph created successfully
2025-12-01 21:23:08,996 INFO app_logger graph:43 - Agent graph created successfully
2025-12-01 21:23:09,020 INFO app_logger main:40 - Starting Vendor HelpDesk Agent API server...
2025-12-01 21:23:09,303 INFO app_logger graph:43 - Agent graph created successfully
2025-12-01 21:24:11,661 INFO app_logger client:46 - User signed in: email=vikram.dev@pwc.com (uid=752110e1-4280-4bab-a935-2013305ed39b)
2025-12-01 21:24:12,243 INFO app_logger client:123 - run_query success (initial token) rows=0
2025-12-01 21:24:12,244 INFO app_logger chat_manager:350 -  Loaded 0 chat summaries for user 752110e1-4280-4bab-a935-2013305ed39b
2025-12-01 21:24:17,048 INFO app_logger client:123 - run_query success (initial token) rows=1
2025-12-01 21:24:17,048 INFO app_logger chat_manager:62 -  Created new chat in DB: chat_6bac110ced1745a0
2025-12-01 21:24:17,048 INFO app_logger routes:105 -  Created new chat: chat_6bac110ced1745a0
2025-12-01 21:24:17,048 INFO app_logger routes:154 -  Processing message for chat chat_6bac110ced1745a0
2025-12-01 21:24:17,049 INFO app_logger nodes:24 -  Input validated for chat chat_6bac110ced1745a0
2025-12-01 21:24:17,093 INFO app_logger llm:23 - llm_initialized - model=openai/gpt-oss-120b, provider=groq
2025-12-01 21:24:17,094 INFO app_logger nodes:54 -  Generating response for chat chat_6bac110ced1745a0
2025-12-01 21:24:17,343 INFO app_logger chat_manager:181 -  Message cached for chat_6bac110ced1745a0 (total: 1 msgs)
2025-12-01 21:24:17,343 INFO app_logger chat_manager:181 -  Message cached for chat_6bac110ced1745a0 (total: 2 msgs)
2025-12-01 21:24:17,344 INFO app_logger nodes:85 -  Response generated and cached for chat_6bac110ced1745a0 (10 tokens)
2025-12-01 21:24:17,345 INFO app_logger nodes:106 -  Messages remain cached for chat_6bac110ced1745a0 (will save on session end)
2025-12-01 21:24:17,710 INFO app_logger client:123 - run_query success (initial token) rows=0
2025-12-01 21:24:17,710 INFO app_logger chat_manager:350 -  Loaded 0 chat summaries for user 752110e1-4280-4bab-a935-2013305ed39b
2025-12-01 21:24:22,690 ERROR app_logger client:112 - Error executing query: new row violates row-level security policy for table "messages"
Traceback (most recent call last):
  File "/Users/vikram/Documents/projects/vendor_helpdesk_agent/database/client.py", line 97, in _connect_and_exec
    cur.execute(query)
  File "/Users/vikram/Documents/projects/vendor_helpdesk_agent/venv/lib/python3.11/site-packages/psycopg/cursor.py", line 97, in execute
    raise ex.with_traceback(None)
psycopg.errors.InsufficientPrivilege: new row violates row-level security policy for table "messages"
Traceback (most recent call last):
  File "/Users/vikram/Documents/projects/vendor_helpdesk_agent/database/client.py", line 97, in _connect_and_exec
    cur.execute(query)
  File "/Users/vikram/Documents/projects/vendor_helpdesk_agent/venv/lib/python3.11/site-packages/psycopg/cursor.py", line 97, in execute
    raise ex.with_traceback(None)
psycopg.errors.InsufficientPrivilege: new row violates row-level security policy for table "messages"
2025-12-01 21:24:22,692 ERROR app_logger client:155 - Unexpected error in run_query: 500: Error executing query
Traceback (most recent call last):
  File "/Users/vikram/Documents/projects/vendor_helpdesk_agent/database/client.py", line 97, in _connect_and_exec
    cur.execute(query)
  File "/Users/vikram/Documents/projects/vendor_helpdesk_agent/venv/lib/python3.11/site-packages/psycopg/cursor.py", line 97, in execute
    raise ex.with_traceback(None)
psycopg.errors.InsufficientPrivilege: new row violates row-level security policy for table "messages"

During handling of the above exception, another exception occurred:

Traceback (most recent call last):
  File "/Users/vikram/Documents/projects/vendor_helpdesk_agent/database/client.py", line 122, in run_query
    result = await run_in_threadpool(_connect_and_exec, access_token)
             ^^^^^^^^^^^^^^^^^^^^^^^^^^^^^^^^^^^^^^^^^^^^^^^^^^^^^^^^
  File "/Users/vikram/Documents/projects/vendor_helpdesk_agent/venv/lib/python3.11/site-packages/starlette/concurrency.py", line 32, in run_in_threadpool
    return await anyio.to_thread.run_sync(func)
           ^^^^^^^^^^^^^^^^^^^^^^^^^^^^^^^^^^^^
  File "/Users/vikram/Documents/projects/vendor_helpdesk_agent/venv/lib/python3.11/site-packages/anyio/to_thread.py", line 61, in run_sync
    return await get_async_backend().run_sync_in_worker_thread(
           ^^^^^^^^^^^^^^^^^^^^^^^^^^^^^^^^^^^^^^^^^^^^^^^^^^^^
  File "/Users/vikram/Documents/projects/vendor_helpdesk_agent/venv/lib/python3.11/site-packages/anyio/_backends/_asyncio.py", line 2525, in run_sync_in_worker_thread
    return await future
           ^^^^^^^^^^^^
  File "/Users/vikram/Documents/projects/vendor_helpdesk_agent/venv/lib/python3.11/site-packages/anyio/_backends/_asyncio.py", line 986, in run
    result = context.run(func, *args)
             ^^^^^^^^^^^^^^^^^^^^^^^^
  File "/Users/vikram/Documents/projects/vendor_helpdesk_agent/database/client.py", line 113, in _connect_and_exec
    raise HTTPException(status_code=500, detail="Error executing query")
fastapi.exceptions.HTTPException: 500: Error executing query
Traceback (most recent call last):
  File "/Users/vikram/Documents/projects/vendor_helpdesk_agent/database/client.py", line 97, in _connect_and_exec
    cur.execute(query)
  File "/Users/vikram/Documents/projects/vendor_helpdesk_agent/venv/lib/python3.11/site-packages/psycopg/cursor.py", line 97, in execute
    raise ex.with_traceback(None)
psycopg.errors.InsufficientPrivilege: new row violates row-level security policy for table "messages"

During handling of the above exception, another exception occurred:

Traceback (most recent call last):
  File "/Users/vikram/Documents/projects/vendor_helpdesk_agent/database/client.py", line 122, in run_query
    result = await run_in_threadpool(_connect_and_exec, access_token)
             ^^^^^^^^^^^^^^^^^^^^^^^^^^^^^^^^^^^^^^^^^^^^^^^^^^^^^^^^
  File "/Users/vikram/Documents/projects/vendor_helpdesk_agent/venv/lib/python3.11/site-packages/starlette/concurrency.py", line 32, in run_in_threadpool
    return await anyio.to_thread.run_sync(func)
           ^^^^^^^^^^^^^^^^^^^^^^^^^^^^^^^^^^^^
  File "/Users/vikram/Documents/projects/vendor_helpdesk_agent/venv/lib/python3.11/site-packages/anyio/to_thread.py", line 61, in run_sync
    return await get_async_backend().run_sync_in_worker_thread(
           ^^^^^^^^^^^^^^^^^^^^^^^^^^^^^^^^^^^^^^^^^^^^^^^^^^^^
  File "/Users/vikram/Documents/projects/vendor_helpdesk_agent/venv/lib/python3.11/site-packages/anyio/_backends/_asyncio.py", line 2525, in run_sync_in_worker_thread
    return await future
           ^^^^^^^^^^^^
  File "/Users/vikram/Documents/projects/vendor_helpdesk_agent/venv/lib/python3.11/site-packages/anyio/_backends/_asyncio.py", line 986, in run
    result = context.run(func, *args)
             ^^^^^^^^^^^^^^^^^^^^^^^^
  File "/Users/vikram/Documents/projects/vendor_helpdesk_agent/database/client.py", line 113, in _connect_and_exec
    raise HTTPException(status_code=500, detail="Error executing query")
fastapi.exceptions.HTTPException: 500: Error executing query
2025-12-01 21:24:22,693 ERROR app_logger chat_manager:274 -  Error saving chat chat_6bac110ced1745a0: 500: Unexpected error executing query
2025-12-01 21:24:22,693 ERROR app_logger routes:290 -  Error ending session: 500: Unexpected error executing query
2025-12-01 21:24:23,177 INFO app_logger client:123 - run_query success (initial token) rows=0
2025-12-01 21:24:23,177 INFO app_logger chat_manager:350 -  Loaded 0 chat summaries for user 752110e1-4280-4bab-a935-2013305ed39b
2025-12-01 21:24:27,983 INFO app_logger client:123 - run_query success (initial token) rows=0
2025-12-01 21:24:27,983 INFO app_logger chat_manager:350 -  Loaded 0 chat summaries for user 752110e1-4280-4bab-a935-2013305ed39b
2025-12-01 21:25:06,722 INFO app_logger client:123 - run_query success (initial token) rows=1
2025-12-01 21:25:06,722 INFO app_logger chat_manager:62 -  Created new chat in DB: chat_f57bb4aa58f24d96
2025-12-01 21:25:06,722 INFO app_logger routes:105 -  Created new chat: chat_f57bb4aa58f24d96
2025-12-01 21:25:06,722 INFO app_logger routes:154 -  Processing message for chat chat_f57bb4aa58f24d96
2025-12-01 21:25:06,723 INFO app_logger nodes:24 -  Input validated for chat chat_f57bb4aa58f24d96
2025-12-01 21:25:06,723 INFO app_logger nodes:54 -  Generating response for chat chat_f57bb4aa58f24d96
2025-12-01 21:25:06,929 INFO app_logger chat_manager:181 -  Message cached for chat_f57bb4aa58f24d96 (total: 1 msgs)
2025-12-01 21:25:06,929 INFO app_logger chat_manager:181 -  Message cached for chat_f57bb4aa58f24d96 (total: 2 msgs)
2025-12-01 21:25:06,929 INFO app_logger nodes:85 -  Response generated and cached for chat_f57bb4aa58f24d96 (10 tokens)
2025-12-01 21:25:06,930 INFO app_logger nodes:106 -  Messages remain cached for chat_f57bb4aa58f24d96 (will save on session end)
2025-12-01 21:25:07,323 INFO app_logger client:123 - run_query success (initial token) rows=0
2025-12-01 21:25:07,324 INFO app_logger chat_manager:350 -  Loaded 0 chat summaries for user 752110e1-4280-4bab-a935-2013305ed39b
2025-12-01 21:25:14,763 INFO app_logger chat_manager:96 -  Using cached chat: chat_f57bb4aa58f24d96
2025-12-01 21:25:14,763 INFO app_logger routes:96 -  Using existing chat: chat_f57bb4aa58f24d96
2025-12-01 21:25:14,764 INFO app_logger routes:154 -  Processing message for chat chat_f57bb4aa58f24d96
2025-12-01 21:25:14,765 INFO app_logger nodes:24 -  Input validated for chat chat_f57bb4aa58f24d96
2025-12-01 21:25:14,766 INFO app_logger nodes:54 -  Generating response for chat chat_f57bb4aa58f24d96
2025-12-01 21:25:15,138 INFO app_logger chat_manager:181 -  Message cached for chat_f57bb4aa58f24d96 (total: 3 msgs)
2025-12-01 21:25:15,138 INFO app_logger chat_manager:181 -  Message cached for chat_f57bb4aa58f24d96 (total: 4 msgs)
2025-12-01 21:25:15,138 INFO app_logger nodes:85 -  Response generated and cached for chat_f57bb4aa58f24d96 (20 tokens)
2025-12-01 21:25:15,139 INFO app_logger nodes:106 -  Messages remain cached for chat_f57bb4aa58f24d96 (will save on session end)
2025-12-01 21:25:15,523 INFO app_logger client:123 - run_query success (initial token) rows=0
2025-12-01 21:25:15,523 INFO app_logger chat_manager:350 -  Loaded 0 chat summaries for user 752110e1-4280-4bab-a935-2013305ed39b
2025-12-01 21:25:21,363 INFO app_logger chat_manager:96 -  Using cached chat: chat_f57bb4aa58f24d96
2025-12-01 21:25:21,363 INFO app_logger routes:96 -  Using existing chat: chat_f57bb4aa58f24d96
2025-12-01 21:25:21,363 INFO app_logger routes:154 -  Processing message for chat chat_f57bb4aa58f24d96
2025-12-01 21:25:21,364 INFO app_logger nodes:24 -  Input validated for chat chat_f57bb4aa58f24d96
2025-12-01 21:25:21,365 INFO app_logger nodes:54 -  Generating response for chat chat_f57bb4aa58f24d96
2025-12-01 21:25:21,741 INFO app_logger chat_manager:181 -  Message cached for chat_f57bb4aa58f24d96 (total: 5 msgs)
2025-12-01 21:25:21,741 INFO app_logger chat_manager:181 -  Message cached for chat_f57bb4aa58f24d96 (total: 6 msgs)
2025-12-01 21:25:21,741 INFO app_logger nodes:85 -  Response generated and cached for chat_f57bb4aa58f24d96 (11 tokens)
2025-12-01 21:25:21,743 INFO app_logger nodes:106 -  Messages remain cached for chat_f57bb4aa58f24d96 (will save on session end)
2025-12-01 21:25:22,112 INFO app_logger client:123 - run_query success (initial token) rows=0
2025-12-01 21:25:22,113 INFO app_logger chat_manager:350 -  Loaded 0 chat summaries for user 752110e1-4280-4bab-a935-2013305ed39b
2025-12-01 21:25:32,570 INFO app_logger client:123 - run_query success (initial token) rows=0
2025-12-01 21:25:32,570 INFO app_logger chat_manager:350 -  Loaded 0 chat summaries for user 752110e1-4280-4bab-a935-2013305ed39b
2025-12-01 21:25:33,981 INFO app_logger client:123 - run_query success (initial token) rows=0
2025-12-01 21:25:33,981 INFO app_logger chat_manager:350 -  Loaded 0 chat summaries for user 752110e1-4280-4bab-a935-2013305ed39b
2025-12-01 21:25:35,394 ERROR app_logger client:112 - Error executing query: new row violates row-level security policy for table "messages"
Traceback (most recent call last):
  File "/Users/vikram/Documents/projects/vendor_helpdesk_agent/database/client.py", line 97, in _connect_and_exec
    cur.execute(query)
  File "/Users/vikram/Documents/projects/vendor_helpdesk_agent/venv/lib/python3.11/site-packages/psycopg/cursor.py", line 97, in execute
    raise ex.with_traceback(None)
psycopg.errors.InsufficientPrivilege: new row violates row-level security policy for table "messages"
Traceback (most recent call last):
  File "/Users/vikram/Documents/projects/vendor_helpdesk_agent/database/client.py", line 97, in _connect_and_exec
    cur.execute(query)
  File "/Users/vikram/Documents/projects/vendor_helpdesk_agent/venv/lib/python3.11/site-packages/psycopg/cursor.py", line 97, in execute
    raise ex.with_traceback(None)
psycopg.errors.InsufficientPrivilege: new row violates row-level security policy for table "messages"
2025-12-01 21:25:35,394 ERROR app_logger client:155 - Unexpected error in run_query: 500: Error executing query
Traceback (most recent call last):
  File "/Users/vikram/Documents/projects/vendor_helpdesk_agent/database/client.py", line 97, in _connect_and_exec
    cur.execute(query)
  File "/Users/vikram/Documents/projects/vendor_helpdesk_agent/venv/lib/python3.11/site-packages/psycopg/cursor.py", line 97, in execute
    raise ex.with_traceback(None)
psycopg.errors.InsufficientPrivilege: new row violates row-level security policy for table "messages"

During handling of the above exception, another exception occurred:

Traceback (most recent call last):
  File "/Users/vikram/Documents/projects/vendor_helpdesk_agent/database/client.py", line 122, in run_query
    result = await run_in_threadpool(_connect_and_exec, access_token)
             ^^^^^^^^^^^^^^^^^^^^^^^^^^^^^^^^^^^^^^^^^^^^^^^^^^^^^^^^
  File "/Users/vikram/Documents/projects/vendor_helpdesk_agent/venv/lib/python3.11/site-packages/starlette/concurrency.py", line 32, in run_in_threadpool
    return await anyio.to_thread.run_sync(func)
           ^^^^^^^^^^^^^^^^^^^^^^^^^^^^^^^^^^^^
  File "/Users/vikram/Documents/projects/vendor_helpdesk_agent/venv/lib/python3.11/site-packages/anyio/to_thread.py", line 61, in run_sync
    return await get_async_backend().run_sync_in_worker_thread(
           ^^^^^^^^^^^^^^^^^^^^^^^^^^^^^^^^^^^^^^^^^^^^^^^^^^^^
  File "/Users/vikram/Documents/projects/vendor_helpdesk_agent/venv/lib/python3.11/site-packages/anyio/_backends/_asyncio.py", line 2525, in run_sync_in_worker_thread
    return await future
           ^^^^^^^^^^^^
  File "/Users/vikram/Documents/projects/vendor_helpdesk_agent/venv/lib/python3.11/site-packages/anyio/_backends/_asyncio.py", line 986, in run
    result = context.run(func, *args)
             ^^^^^^^^^^^^^^^^^^^^^^^^
  File "/Users/vikram/Documents/projects/vendor_helpdesk_agent/database/client.py", line 113, in _connect_and_exec
    raise HTTPException(status_code=500, detail="Error executing query")
fastapi.exceptions.HTTPException: 500: Error executing query
Traceback (most recent call last):
  File "/Users/vikram/Documents/projects/vendor_helpdesk_agent/database/client.py", line 97, in _connect_and_exec
    cur.execute(query)
  File "/Users/vikram/Documents/projects/vendor_helpdesk_agent/venv/lib/python3.11/site-packages/psycopg/cursor.py", line 97, in execute
    raise ex.with_traceback(None)
psycopg.errors.InsufficientPrivilege: new row violates row-level security policy for table "messages"

During handling of the above exception, another exception occurred:

Traceback (most recent call last):
  File "/Users/vikram/Documents/projects/vendor_helpdesk_agent/database/client.py", line 122, in run_query
    result = await run_in_threadpool(_connect_and_exec, access_token)
             ^^^^^^^^^^^^^^^^^^^^^^^^^^^^^^^^^^^^^^^^^^^^^^^^^^^^^^^^
  File "/Users/vikram/Documents/projects/vendor_helpdesk_agent/venv/lib/python3.11/site-packages/starlette/concurrency.py", line 32, in run_in_threadpool
    return await anyio.to_thread.run_sync(func)
           ^^^^^^^^^^^^^^^^^^^^^^^^^^^^^^^^^^^^
  File "/Users/vikram/Documents/projects/vendor_helpdesk_agent/venv/lib/python3.11/site-packages/anyio/to_thread.py", line 61, in run_sync
    return await get_async_backend().run_sync_in_worker_thread(
           ^^^^^^^^^^^^^^^^^^^^^^^^^^^^^^^^^^^^^^^^^^^^^^^^^^^^
  File "/Users/vikram/Documents/projects/vendor_helpdesk_agent/venv/lib/python3.11/site-packages/anyio/_backends/_asyncio.py", line 2525, in run_sync_in_worker_thread
    return await future
           ^^^^^^^^^^^^
  File "/Users/vikram/Documents/projects/vendor_helpdesk_agent/venv/lib/python3.11/site-packages/anyio/_backends/_asyncio.py", line 986, in run
    result = context.run(func, *args)
             ^^^^^^^^^^^^^^^^^^^^^^^^
  File "/Users/vikram/Documents/projects/vendor_helpdesk_agent/database/client.py", line 113, in _connect_and_exec
    raise HTTPException(status_code=500, detail="Error executing query")
fastapi.exceptions.HTTPException: 500: Error executing query
2025-12-01 21:25:35,395 ERROR app_logger chat_manager:274 -  Error saving chat chat_f57bb4aa58f24d96: 500: Unexpected error executing query
2025-12-01 21:25:35,395 ERROR app_logger routes:290 -  Error ending session: 500: Unexpected error executing query
2025-12-01 21:25:35,869 INFO app_logger client:123 - run_query success (initial token) rows=0
2025-12-01 21:25:35,869 INFO app_logger chat_manager:350 -  Loaded 0 chat summaries for user 752110e1-4280-4bab-a935-2013305ed39b
2025-12-01 21:25:44,802 INFO app_logger client:123 - run_query success (initial token) rows=0
2025-12-01 21:25:44,802 INFO app_logger chat_manager:350 -  Loaded 0 chat summaries for user 752110e1-4280-4bab-a935-2013305ed39b
2025-12-01 21:30:08,893 INFO app_logger client:123 - run_query success (initial token) rows=1
2025-12-01 21:30:08,893 INFO app_logger chat_manager:62 -  Created new chat in DB: chat_f0eb67f1ebc84f00
2025-12-01 21:30:08,893 INFO app_logger routes:105 -  Created new chat: chat_f0eb67f1ebc84f00
2025-12-01 21:30:08,894 INFO app_logger routes:154 -  Processing message for chat chat_f0eb67f1ebc84f00
2025-12-01 21:30:08,894 INFO app_logger nodes:24 -  Input validated for chat chat_f0eb67f1ebc84f00
2025-12-01 21:30:08,894 INFO app_logger nodes:54 -  Generating response for chat chat_f0eb67f1ebc84f00
2025-12-01 21:30:09,958 INFO app_logger chat_manager:181 -  Message cached for chat_f0eb67f1ebc84f00 (total: 1 msgs)
2025-12-01 21:30:09,959 INFO app_logger chat_manager:181 -  Message cached for chat_f0eb67f1ebc84f00 (total: 2 msgs)
2025-12-01 21:30:09,959 INFO app_logger nodes:85 -  Response generated and cached for chat_f0eb67f1ebc84f00 (224 tokens)
2025-12-01 21:30:09,959 INFO app_logger nodes:106 -  Messages remain cached for chat_f0eb67f1ebc84f00 (will save on session end)
2025-12-01 21:30:10,315 INFO app_logger client:123 - run_query success (initial token) rows=0
2025-12-01 21:30:10,315 INFO app_logger chat_manager:350 -  Loaded 0 chat summaries for user 752110e1-4280-4bab-a935-2013305ed39b
2025-12-01 21:35:24,538 INFO app_logger graph:43 - Agent graph created successfully
2025-12-01 21:36:04,055 INFO app_logger graph:43 - Agent graph created successfully
2025-12-01 21:36:17,945 INFO app_logger graph:43 - Agent graph created successfully
2025-12-01 21:38:24,919 INFO app_logger graph:43 - Agent graph created successfully
2025-12-01 21:38:31,319 INFO app_logger graph:43 - Agent graph created successfully
2025-12-01 21:38:32,669 INFO app_logger graph:43 - Agent graph created successfully
2025-12-01 21:38:36,750 INFO app_logger graph:43 - Agent graph created successfully
2025-12-01 21:38:39,916 INFO app_logger graph:43 - Agent graph created successfully
2025-12-01 21:38:43,579 INFO app_logger graph:43 - Agent graph created successfully
2025-12-01 21:38:45,441 INFO app_logger graph:43 - Agent graph created successfully
2025-12-01 21:38:52,506 INFO app_logger graph:43 - Agent graph created successfully
2025-12-01 21:39:39,739 INFO app_logger graph:43 - Agent graph created successfully
2025-12-01 21:39:41,114 INFO app_logger graph:43 - Agent graph created successfully
2025-12-01 21:39:44,816 INFO app_logger graph:43 - Agent graph created successfully
2025-12-01 21:39:47,590 INFO app_logger graph:43 - Agent graph created successfully
2025-12-01 21:39:52,589 INFO app_logger graph:43 - Agent graph created successfully
2025-12-01 21:39:53,530 INFO app_logger graph:43 - Agent graph created successfully
2025-12-01 21:39:57,604 INFO app_logger graph:43 - Agent graph created successfully
2025-12-01 21:40:04,524 INFO app_logger graph:43 - Agent graph created successfully
2025-12-01 21:40:05,877 INFO app_logger graph:43 - Agent graph created successfully
2025-12-01 21:40:23,669 INFO app_logger client:46 - User signed in: email=vikram.dev@pwc.com (uid=752110e1-4280-4bab-a935-2013305ed39b)
2025-12-01 21:40:24,143 INFO app_logger client:123 - run_query success (initial token) rows=5
2025-12-01 21:44:52,654 INFO app_logger client:46 - User signed in: email=vikram.dev@pwc.com (uid=752110e1-4280-4bab-a935-2013305ed39b)
2025-12-01 21:44:53,061 INFO app_logger client:123 - run_query success (initial token) rows=1
2025-12-01 21:55:43,878 INFO app_logger client:46 - User signed in: email=vikram.dev@pwc.com (uid=752110e1-4280-4bab-a935-2013305ed39b)
2025-12-01 21:55:44,251 INFO app_logger client:123 - run_query success (initial token) rows=1
2025-12-01 21:57:37,304 INFO app_logger client:46 - User signed in: email=vikram.dev@pwc.com (uid=752110e1-4280-4bab-a935-2013305ed39b)
2025-12-01 21:57:37,821 ERROR app_logger client:112 - Error executing query: duplicate key value violates unique constraint "chats_pkey"
Traceback (most recent call last):
  File "/Users/vikram/Documents/projects/vendor_helpdesk_agent/database/client.py", line 97, in _connect_and_exec
    cur.execute(query)
  File "/Users/vikram/Documents/projects/vendor_helpdesk_agent/venv/lib/python3.11/site-packages/psycopg/cursor.py", line 97, in execute
    raise ex.with_traceback(None)
psycopg.errors.UniqueViolation: duplicate key value violates unique constraint "chats_pkey"
Traceback (most recent call last):
  File "/Users/vikram/Documents/projects/vendor_helpdesk_agent/database/client.py", line 97, in _connect_and_exec
    cur.execute(query)
  File "/Users/vikram/Documents/projects/vendor_helpdesk_agent/venv/lib/python3.11/site-packages/psycopg/cursor.py", line 97, in execute
    raise ex.with_traceback(None)
psycopg.errors.UniqueViolation: duplicate key value violates unique constraint "chats_pkey"
2025-12-01 21:57:37,823 ERROR app_logger client:155 - Unexpected error in run_query: 500: Error executing query
Traceback (most recent call last):
  File "/Users/vikram/Documents/projects/vendor_helpdesk_agent/database/client.py", line 97, in _connect_and_exec
    cur.execute(query)
  File "/Users/vikram/Documents/projects/vendor_helpdesk_agent/venv/lib/python3.11/site-packages/psycopg/cursor.py", line 97, in execute
    raise ex.with_traceback(None)
psycopg.errors.UniqueViolation: duplicate key value violates unique constraint "chats_pkey"

During handling of the above exception, another exception occurred:

Traceback (most recent call last):
  File "/Users/vikram/Documents/projects/vendor_helpdesk_agent/database/client.py", line 122, in run_query
    result = await run_in_threadpool(_connect_and_exec, access_token)
             ^^^^^^^^^^^^^^^^^^^^^^^^^^^^^^^^^^^^^^^^^^^^^^^^^^^^^^^^
  File "/Users/vikram/Documents/projects/vendor_helpdesk_agent/venv/lib/python3.11/site-packages/starlette/concurrency.py", line 32, in run_in_threadpool
    return await anyio.to_thread.run_sync(func)
           ^^^^^^^^^^^^^^^^^^^^^^^^^^^^^^^^^^^^
  File "/Users/vikram/Documents/projects/vendor_helpdesk_agent/venv/lib/python3.11/site-packages/anyio/to_thread.py", line 61, in run_sync
    return await get_async_backend().run_sync_in_worker_thread(
           ^^^^^^^^^^^^^^^^^^^^^^^^^^^^^^^^^^^^^^^^^^^^^^^^^^^^
  File "/Users/vikram/Documents/projects/vendor_helpdesk_agent/venv/lib/python3.11/site-packages/anyio/_backends/_asyncio.py", line 2525, in run_sync_in_worker_thread
    return await future
           ^^^^^^^^^^^^
  File "/Users/vikram/Documents/projects/vendor_helpdesk_agent/venv/lib/python3.11/site-packages/anyio/_backends/_asyncio.py", line 986, in run
    result = context.run(func, *args)
             ^^^^^^^^^^^^^^^^^^^^^^^^
  File "/Users/vikram/Documents/projects/vendor_helpdesk_agent/database/client.py", line 113, in _connect_and_exec
    raise HTTPException(status_code=500, detail="Error executing query")
fastapi.exceptions.HTTPException: 500: Error executing query
Traceback (most recent call last):
  File "/Users/vikram/Documents/projects/vendor_helpdesk_agent/database/client.py", line 97, in _connect_and_exec
    cur.execute(query)
  File "/Users/vikram/Documents/projects/vendor_helpdesk_agent/venv/lib/python3.11/site-packages/psycopg/cursor.py", line 97, in execute
    raise ex.with_traceback(None)
psycopg.errors.UniqueViolation: duplicate key value violates unique constraint "chats_pkey"

During handling of the above exception, another exception occurred:

Traceback (most recent call last):
  File "/Users/vikram/Documents/projects/vendor_helpdesk_agent/database/client.py", line 122, in run_query
    result = await run_in_threadpool(_connect_and_exec, access_token)
             ^^^^^^^^^^^^^^^^^^^^^^^^^^^^^^^^^^^^^^^^^^^^^^^^^^^^^^^^
  File "/Users/vikram/Documents/projects/vendor_helpdesk_agent/venv/lib/python3.11/site-packages/starlette/concurrency.py", line 32, in run_in_threadpool
    return await anyio.to_thread.run_sync(func)
           ^^^^^^^^^^^^^^^^^^^^^^^^^^^^^^^^^^^^
  File "/Users/vikram/Documents/projects/vendor_helpdesk_agent/venv/lib/python3.11/site-packages/anyio/to_thread.py", line 61, in run_sync
    return await get_async_backend().run_sync_in_worker_thread(
           ^^^^^^^^^^^^^^^^^^^^^^^^^^^^^^^^^^^^^^^^^^^^^^^^^^^^
  File "/Users/vikram/Documents/projects/vendor_helpdesk_agent/venv/lib/python3.11/site-packages/anyio/_backends/_asyncio.py", line 2525, in run_sync_in_worker_thread
    return await future
           ^^^^^^^^^^^^
  File "/Users/vikram/Documents/projects/vendor_helpdesk_agent/venv/lib/python3.11/site-packages/anyio/_backends/_asyncio.py", line 986, in run
    result = context.run(func, *args)
             ^^^^^^^^^^^^^^^^^^^^^^^^
  File "/Users/vikram/Documents/projects/vendor_helpdesk_agent/database/client.py", line 113, in _connect_and_exec
    raise HTTPException(status_code=500, detail="Error executing query")
fastapi.exceptions.HTTPException: 500: Error executing query
2025-12-01 21:57:37,824 ERROR app_logger routes:317 -  SQL query error: 500: Unexpected error executing query
2025-12-01 21:58:19,884 INFO app_logger client:46 - User signed in: email=vikram.dev@pwc.com (uid=752110e1-4280-4bab-a935-2013305ed39b)
2025-12-01 21:58:20,455 INFO app_logger client:123 - run_query success (initial token) rows=1
2025-12-01 22:10:03,110 INFO app_logger graph:43 - Agent graph created successfully
2025-12-01 22:10:18,612 INFO app_logger graph:43 - Agent graph created successfully
2025-12-01 22:10:29,285 INFO app_logger graph:43 - Agent graph created successfully
2025-12-01 22:10:30,231 INFO app_logger graph:43 - Agent graph created successfully
2025-12-01 22:10:31,579 INFO app_logger graph:43 - Agent graph created successfully
2025-12-01 22:10:35,536 INFO app_logger client:46 - User signed in: email=vikram.dev@pwc.com (uid=752110e1-4280-4bab-a935-2013305ed39b)
2025-12-01 22:10:35,927 ERROR app_logger client:120 - Error executing query: duplicate key value violates unique constraint "chats_pkey"
Traceback (most recent call last):
  File "/Users/vikram/Documents/projects/vendor_helpdesk_agent/database/client.py", line 97, in _connect_and_exec
    cur.execute(query)
  File "/Users/vikram/Documents/projects/vendor_helpdesk_agent/venv/lib/python3.11/site-packages/psycopg/cursor.py", line 97, in execute
    raise ex.with_traceback(None)
psycopg.errors.UniqueViolation: duplicate key value violates unique constraint "chats_pkey"
Traceback (most recent call last):
  File "/Users/vikram/Documents/projects/vendor_helpdesk_agent/database/client.py", line 97, in _connect_and_exec
    cur.execute(query)
  File "/Users/vikram/Documents/projects/vendor_helpdesk_agent/venv/lib/python3.11/site-packages/psycopg/cursor.py", line 97, in execute
    raise ex.with_traceback(None)
psycopg.errors.UniqueViolation: duplicate key value violates unique constraint "chats_pkey"
2025-12-01 22:10:35,929 ERROR app_logger client:163 - Unexpected error in run_query: 500: Error executing query
Traceback (most recent call last):
  File "/Users/vikram/Documents/projects/vendor_helpdesk_agent/database/client.py", line 97, in _connect_and_exec
    cur.execute(query)
  File "/Users/vikram/Documents/projects/vendor_helpdesk_agent/venv/lib/python3.11/site-packages/psycopg/cursor.py", line 97, in execute
    raise ex.with_traceback(None)
psycopg.errors.UniqueViolation: duplicate key value violates unique constraint "chats_pkey"

During handling of the above exception, another exception occurred:

Traceback (most recent call last):
  File "/Users/vikram/Documents/projects/vendor_helpdesk_agent/database/client.py", line 130, in run_query
    result = await run_in_threadpool(_connect_and_exec, access_token)
             ^^^^^^^^^^^^^^^^^^^^^^^^^^^^^^^^^^^^^^^^^^^^^^^^^^^^^^^^
  File "/Users/vikram/Documents/projects/vendor_helpdesk_agent/venv/lib/python3.11/site-packages/starlette/concurrency.py", line 32, in run_in_threadpool
    return await anyio.to_thread.run_sync(func)
           ^^^^^^^^^^^^^^^^^^^^^^^^^^^^^^^^^^^^
  File "/Users/vikram/Documents/projects/vendor_helpdesk_agent/venv/lib/python3.11/site-packages/anyio/to_thread.py", line 61, in run_sync
    return await get_async_backend().run_sync_in_worker_thread(
           ^^^^^^^^^^^^^^^^^^^^^^^^^^^^^^^^^^^^^^^^^^^^^^^^^^^^
  File "/Users/vikram/Documents/projects/vendor_helpdesk_agent/venv/lib/python3.11/site-packages/anyio/_backends/_asyncio.py", line 2525, in run_sync_in_worker_thread
    return await future
           ^^^^^^^^^^^^
  File "/Users/vikram/Documents/projects/vendor_helpdesk_agent/venv/lib/python3.11/site-packages/anyio/_backends/_asyncio.py", line 986, in run
    result = context.run(func, *args)
             ^^^^^^^^^^^^^^^^^^^^^^^^
  File "/Users/vikram/Documents/projects/vendor_helpdesk_agent/database/client.py", line 121, in _connect_and_exec
    raise HTTPException(status_code=500, detail="Error executing query")
fastapi.exceptions.HTTPException: 500: Error executing query
Traceback (most recent call last):
  File "/Users/vikram/Documents/projects/vendor_helpdesk_agent/database/client.py", line 97, in _connect_and_exec
    cur.execute(query)
  File "/Users/vikram/Documents/projects/vendor_helpdesk_agent/venv/lib/python3.11/site-packages/psycopg/cursor.py", line 97, in execute
    raise ex.with_traceback(None)
psycopg.errors.UniqueViolation: duplicate key value violates unique constraint "chats_pkey"

During handling of the above exception, another exception occurred:

Traceback (most recent call last):
  File "/Users/vikram/Documents/projects/vendor_helpdesk_agent/database/client.py", line 130, in run_query
    result = await run_in_threadpool(_connect_and_exec, access_token)
             ^^^^^^^^^^^^^^^^^^^^^^^^^^^^^^^^^^^^^^^^^^^^^^^^^^^^^^^^
  File "/Users/vikram/Documents/projects/vendor_helpdesk_agent/venv/lib/python3.11/site-packages/starlette/concurrency.py", line 32, in run_in_threadpool
    return await anyio.to_thread.run_sync(func)
           ^^^^^^^^^^^^^^^^^^^^^^^^^^^^^^^^^^^^
  File "/Users/vikram/Documents/projects/vendor_helpdesk_agent/venv/lib/python3.11/site-packages/anyio/to_thread.py", line 61, in run_sync
    return await get_async_backend().run_sync_in_worker_thread(
           ^^^^^^^^^^^^^^^^^^^^^^^^^^^^^^^^^^^^^^^^^^^^^^^^^^^^
  File "/Users/vikram/Documents/projects/vendor_helpdesk_agent/venv/lib/python3.11/site-packages/anyio/_backends/_asyncio.py", line 2525, in run_sync_in_worker_thread
    return await future
           ^^^^^^^^^^^^
  File "/Users/vikram/Documents/projects/vendor_helpdesk_agent/venv/lib/python3.11/site-packages/anyio/_backends/_asyncio.py", line 986, in run
    result = context.run(func, *args)
             ^^^^^^^^^^^^^^^^^^^^^^^^
  File "/Users/vikram/Documents/projects/vendor_helpdesk_agent/database/client.py", line 121, in _connect_and_exec
    raise HTTPException(status_code=500, detail="Error executing query")
fastapi.exceptions.HTTPException: 500: Error executing query
2025-12-01 22:10:35,929 ERROR app_logger routes:317 -  SQL query error: 500: Unexpected error executing query
2025-12-01 22:10:55,096 INFO app_logger client:46 - User signed in: email=vikram.dev@pwc.com (uid=752110e1-4280-4bab-a935-2013305ed39b)
2025-12-01 22:10:55,733 INFO app_logger client:131 - run_query success (initial token) rows=1
2025-12-01 22:11:50,566 INFO app_logger client:46 - User signed in: email=vikram.dev@pwc.com (uid=752110e1-4280-4bab-a935-2013305ed39b)
2025-12-01 22:11:51,150 INFO app_logger client:131 - run_query success (initial token) rows=1
2025-12-01 22:24:39,809 ERROR app_logger routes:54 - Invalid token: Signature has expired
2025-12-01 22:24:39,809 ERROR app_logger routes:227 -  Error loading chat history: 401: Invalid access token
2025-12-01 22:24:42,897 ERROR app_logger routes:54 - Invalid token: Signature has expired
2025-12-01 22:24:42,897 ERROR app_logger routes:168 -  Chat error: 401: Invalid access token
Traceback (most recent call last):
  File "/Users/vikram/Documents/projects/vendor_helpdesk_agent/api/routes.py", line 45, in get_user_from_token
    decoded = jwt.decode(
              ^^^^^^^^^^^
  File "/Users/vikram/Documents/projects/vendor_helpdesk_agent/venv/lib/python3.11/site-packages/jwt/api_jwt.py", line 222, in decode
    decoded = self.decode_complete(
              ^^^^^^^^^^^^^^^^^^^^^
  File "/Users/vikram/Documents/projects/vendor_helpdesk_agent/venv/lib/python3.11/site-packages/jwt/api_jwt.py", line 167, in decode_complete
    self._validate_claims(
  File "/Users/vikram/Documents/projects/vendor_helpdesk_agent/venv/lib/python3.11/site-packages/jwt/api_jwt.py", line 262, in _validate_claims
    self._validate_exp(payload, now, leeway)
  File "/Users/vikram/Documents/projects/vendor_helpdesk_agent/venv/lib/python3.11/site-packages/jwt/api_jwt.py", line 363, in _validate_exp
    raise ExpiredSignatureError("Signature has expired")
jwt.exceptions.ExpiredSignatureError: Signature has expired

During handling of the above exception, another exception occurred:

Traceback (most recent call last):
  File "/Users/vikram/Documents/projects/vendor_helpdesk_agent/api/routes.py", line 85, in chat
    user_id = await get_user_from_token(access_token)
              ^^^^^^^^^^^^^^^^^^^^^^^^^^^^^^^^^^^^^^^
  File "/Users/vikram/Documents/projects/vendor_helpdesk_agent/api/routes.py", line 55, in get_user_from_token
    raise HTTPException(status_code=401, detail="Invalid access token")
fastapi.exceptions.HTTPException: 401: Invalid access token
2025-12-01 22:25:35,032 INFO app_logger client:46 - User signed in: email=vikram.dev@pwc.com (uid=752110e1-4280-4bab-a935-2013305ed39b)
2025-12-01 22:25:35,421 INFO app_logger client:131 - run_query success (initial token) rows=0
2025-12-01 22:25:35,421 INFO app_logger chat_manager:350 -  Loaded 0 chat summaries for user 752110e1-4280-4bab-a935-2013305ed39b
2025-12-01 22:25:38,633 INFO app_logger client:131 - run_query success (initial token) rows=1
2025-12-01 22:25:38,633 INFO app_logger chat_manager:62 -  Created new chat in DB: chat_ef73d3e78b1a4d24
2025-12-01 22:25:38,633 INFO app_logger routes:105 -  Created new chat: chat_ef73d3e78b1a4d24
2025-12-01 22:25:38,633 INFO app_logger routes:154 -  Processing message for chat chat_ef73d3e78b1a4d24
2025-12-01 22:25:38,634 INFO app_logger nodes:24 -  Input validated for chat chat_ef73d3e78b1a4d24
2025-12-01 22:25:38,685 INFO app_logger llm:23 - llm_initialized - model=openai/gpt-oss-120b, provider=groq
2025-12-01 22:25:38,685 INFO app_logger nodes:54 -  Generating response for chat chat_ef73d3e78b1a4d24
2025-12-01 22:25:39,063 INFO app_logger chat_manager:181 -  Message cached for chat_ef73d3e78b1a4d24 (total: 1 msgs)
2025-12-01 22:25:39,063 INFO app_logger chat_manager:181 -  Message cached for chat_ef73d3e78b1a4d24 (total: 2 msgs)
2025-12-01 22:25:39,063 INFO app_logger nodes:85 -  Response generated and cached for chat_ef73d3e78b1a4d24 (10 tokens)
2025-12-01 22:25:39,064 INFO app_logger nodes:106 -  Messages remain cached for chat_ef73d3e78b1a4d24 (will save on session end)
2025-12-01 22:25:39,492 INFO app_logger client:131 - run_query success (initial token) rows=1
2025-12-01 22:25:39,492 INFO app_logger chat_manager:350 -  Loaded 1 chat summaries for user 752110e1-4280-4bab-a935-2013305ed39b
2025-12-01 22:25:48,208 INFO app_logger chat_manager:96 -  Using cached chat: chat_ef73d3e78b1a4d24
2025-12-01 22:25:48,208 INFO app_logger routes:96 -  Using existing chat: chat_ef73d3e78b1a4d24
2025-12-01 22:25:48,208 INFO app_logger routes:154 -  Processing message for chat chat_ef73d3e78b1a4d24
2025-12-01 22:25:48,209 INFO app_logger nodes:24 -  Input validated for chat chat_ef73d3e78b1a4d24
2025-12-01 22:25:48,210 INFO app_logger nodes:54 -  Generating response for chat chat_ef73d3e78b1a4d24
2025-12-01 22:25:48,548 INFO app_logger chat_manager:181 -  Message cached for chat_ef73d3e78b1a4d24 (total: 3 msgs)
2025-12-01 22:25:48,548 INFO app_logger chat_manager:181 -  Message cached for chat_ef73d3e78b1a4d24 (total: 4 msgs)
2025-12-01 22:25:48,548 INFO app_logger nodes:85 -  Response generated and cached for chat_ef73d3e78b1a4d24 (20 tokens)
2025-12-01 22:25:48,549 INFO app_logger nodes:106 -  Messages remain cached for chat_ef73d3e78b1a4d24 (will save on session end)
2025-12-01 22:25:48,947 INFO app_logger client:131 - run_query success (initial token) rows=1
2025-12-01 22:25:48,947 INFO app_logger chat_manager:350 -  Loaded 1 chat summaries for user 752110e1-4280-4bab-a935-2013305ed39b
2025-12-01 22:25:53,230 INFO app_logger client:131 - run_query success (initial token) rows=0
2025-12-01 22:25:53,615 INFO app_logger client:131 - run_query success (initial token) rows=0
2025-12-01 22:25:53,615 INFO app_logger chat_manager:266 -  Saved 4 messages for chat_ef73d3e78b1a4d24 (30 tokens)
2025-12-01 22:25:53,615 INFO app_logger chat_manager:306 -  Session ended and saved for chat_ef73d3e78b1a4d24
2025-12-01 22:25:54,029 INFO app_logger client:131 - run_query success (initial token) rows=1
2025-12-01 22:25:54,029 INFO app_logger chat_manager:350 -  Loaded 1 chat summaries for user 752110e1-4280-4bab-a935-2013305ed39b
2025-12-01 22:26:03,267 INFO app_logger client:131 - run_query success (initial token) rows=1
2025-12-01 22:26:03,267 INFO app_logger chat_manager:62 -  Created new chat in DB: chat_233e59d6459840c2
2025-12-01 22:26:03,267 INFO app_logger routes:105 -  Created new chat: chat_233e59d6459840c2
2025-12-01 22:26:03,267 INFO app_logger routes:154 -  Processing message for chat chat_233e59d6459840c2
2025-12-01 22:26:03,268 INFO app_logger nodes:24 -  Input validated for chat chat_233e59d6459840c2
2025-12-01 22:26:03,268 INFO app_logger nodes:54 -  Generating response for chat chat_233e59d6459840c2
2025-12-01 22:26:03,580 INFO app_logger chat_manager:181 -  Message cached for chat_233e59d6459840c2 (total: 1 msgs)
2025-12-01 22:26:03,580 INFO app_logger chat_manager:181 -  Message cached for chat_233e59d6459840c2 (total: 2 msgs)
2025-12-01 22:26:03,580 INFO app_logger nodes:85 -  Response generated and cached for chat_233e59d6459840c2 (35 tokens)
2025-12-01 22:26:03,581 INFO app_logger nodes:106 -  Messages remain cached for chat_233e59d6459840c2 (will save on session end)
2025-12-01 22:26:03,959 INFO app_logger client:131 - run_query success (initial token) rows=2
2025-12-01 22:26:03,959 INFO app_logger chat_manager:350 -  Loaded 2 chat summaries for user 752110e1-4280-4bab-a935-2013305ed39b
2025-12-01 22:26:15,070 INFO app_logger client:131 - run_query success (initial token) rows=0
2025-12-01 22:26:15,479 INFO app_logger client:131 - run_query success (initial token) rows=0
2025-12-01 22:26:15,479 INFO app_logger chat_manager:266 -  Saved 2 messages for chat_233e59d6459840c2 (35 tokens)
2025-12-01 22:26:15,479 INFO app_logger chat_manager:306 -  Session ended and saved for chat_233e59d6459840c2
2025-12-01 22:26:15,483 INFO app_logger routes:246 -  Returning cached messages for chat_ef73d3e78b1a4d24
2025-12-01 22:26:15,941 INFO app_logger client:131 - run_query success (initial token) rows=1
2025-12-01 22:26:15,942 INFO app_logger chat_manager:235 -  All messages already saved for chat_ef73d3e78b1a4d24
2025-12-01 22:26:15,942 INFO app_logger chat_manager:306 -  Session ended and saved for chat_ef73d3e78b1a4d24
2025-12-01 22:26:15,948 INFO app_logger routes:246 -  Returning cached messages for chat_233e59d6459840c2
2025-12-01 22:26:20,092 INFO app_logger client:131 - run_query success (initial token) rows=1
2025-12-01 22:26:20,093 INFO app_logger chat_manager:235 -  All messages already saved for chat_233e59d6459840c2
2025-12-01 22:26:20,093 INFO app_logger chat_manager:306 -  Session ended and saved for chat_233e59d6459840c2
2025-12-01 22:26:20,097 INFO app_logger routes:246 -  Returning cached messages for chat_ef73d3e78b1a4d24
2025-12-01 22:26:23,345 INFO app_logger client:131 - run_query success (initial token) rows=1
2025-12-01 22:26:23,345 INFO app_logger chat_manager:235 -  All messages already saved for chat_ef73d3e78b1a4d24
2025-12-01 22:26:23,345 INFO app_logger chat_manager:306 -  Session ended and saved for chat_ef73d3e78b1a4d24
2025-12-01 22:26:23,347 INFO app_logger routes:246 -  Returning cached messages for chat_233e59d6459840c2
2025-12-01 22:26:24,701 INFO app_logger client:131 - run_query success (initial token) rows=1
2025-12-01 22:26:24,701 INFO app_logger chat_manager:235 -  All messages already saved for chat_233e59d6459840c2
2025-12-01 22:26:24,701 INFO app_logger chat_manager:306 -  Session ended and saved for chat_233e59d6459840c2
2025-12-01 22:26:24,704 INFO app_logger routes:246 -  Returning cached messages for chat_ef73d3e78b1a4d24
2025-12-01 22:26:37,609 INFO app_logger client:131 - run_query success (initial token) rows=1
2025-12-01 22:26:37,609 INFO app_logger chat_manager:235 -  All messages already saved for chat_ef73d3e78b1a4d24
2025-12-01 22:26:37,609 INFO app_logger chat_manager:306 -  Session ended and saved for chat_ef73d3e78b1a4d24
2025-12-01 22:26:37,611 INFO app_logger routes:246 -  Returning cached messages for chat_233e59d6459840c2
2025-12-01 22:26:42,118 INFO app_logger client:131 - run_query success (initial token) rows=1
2025-12-01 22:26:42,118 INFO app_logger chat_manager:235 -  All messages already saved for chat_233e59d6459840c2
2025-12-01 22:26:42,118 INFO app_logger chat_manager:306 -  Session ended and saved for chat_233e59d6459840c2
2025-12-01 22:26:42,120 INFO app_logger routes:246 -  Returning cached messages for chat_ef73d3e78b1a4d24
2025-12-01 22:26:43,298 INFO app_logger client:131 - run_query success (initial token) rows=1
2025-12-01 22:26:43,298 INFO app_logger chat_manager:235 -  All messages already saved for chat_ef73d3e78b1a4d24
2025-12-01 22:26:43,298 INFO app_logger chat_manager:306 -  Session ended and saved for chat_ef73d3e78b1a4d24
2025-12-01 22:26:43,301 INFO app_logger routes:246 -  Returning cached messages for chat_233e59d6459840c2
2025-12-01 22:29:55,314 INFO app_logger client:131 - run_query success (initial token) rows=1
2025-12-01 22:29:55,315 INFO app_logger chat_manager:235 -  All messages already saved for chat_233e59d6459840c2
2025-12-01 22:29:55,315 INFO app_logger chat_manager:306 -  Session ended and saved for chat_233e59d6459840c2
2025-12-01 22:29:55,727 INFO app_logger client:131 - run_query success (initial token) rows=2
2025-12-01 22:29:55,727 INFO app_logger chat_manager:350 -  Loaded 2 chat summaries for user 752110e1-4280-4bab-a935-2013305ed39b
2025-12-01 22:30:12,888 INFO app_logger client:131 - run_query success (initial token) rows=1
2025-12-01 22:30:12,888 INFO app_logger chat_manager:62 -  Created new chat in DB: chat_36ac2165941540ea
2025-12-01 22:30:12,888 INFO app_logger routes:105 -  Created new chat: chat_36ac2165941540ea
2025-12-01 22:30:12,888 INFO app_logger routes:154 -  Processing message for chat chat_36ac2165941540ea
2025-12-01 22:30:12,889 INFO app_logger nodes:24 -  Input validated for chat chat_36ac2165941540ea
2025-12-01 22:30:12,889 INFO app_logger nodes:54 -  Generating response for chat chat_36ac2165941540ea
2025-12-01 22:30:20,321 INFO app_logger chat_manager:181 -  Message cached for chat_36ac2165941540ea (total: 1 msgs)
2025-12-01 22:30:20,321 INFO app_logger chat_manager:181 -  Message cached for chat_36ac2165941540ea (total: 2 msgs)
2025-12-01 22:30:20,321 INFO app_logger nodes:85 -  Response generated and cached for chat_36ac2165941540ea (2256 tokens)
2025-12-01 22:30:20,322 INFO app_logger nodes:106 -  Messages remain cached for chat_36ac2165941540ea (will save on session end)
2025-12-01 22:30:20,704 INFO app_logger client:131 - run_query success (initial token) rows=3
2025-12-01 22:30:20,705 INFO app_logger chat_manager:350 -  Loaded 3 chat summaries for user 752110e1-4280-4bab-a935-2013305ed39b
2025-12-01 22:38:06,018 INFO app_logger graph:43 - Agent graph created successfully
2025-12-01 22:38:11,434 INFO app_logger graph:43 - Agent graph created successfully
2025-12-01 22:38:13,294 INFO app_logger graph:43 - Agent graph created successfully
2025-12-01 22:38:14,649 INFO app_logger graph:43 - Agent graph created successfully
2025-12-01 22:38:18,738 INFO app_logger graph:43 - Agent graph created successfully
2025-12-01 22:38:21,905 INFO app_logger graph:43 - Agent graph created successfully
2025-12-01 22:38:23,260 INFO app_logger graph:43 - Agent graph created successfully
2025-12-01 22:38:24,615 INFO app_logger graph:43 - Agent graph created successfully
2025-12-01 22:38:47,261 INFO app_logger chat_manager:106 -  Loading chat from DB: chat_36ac2165941540ea
2025-12-01 22:38:47,882 INFO app_logger client:131 - run_query success (initial token) rows=1
2025-12-01 22:38:48,394 INFO app_logger client:131 - run_query success (initial token) rows=0
2025-12-01 22:38:48,394 INFO app_logger routes:96 -  Using existing chat: chat_36ac2165941540ea
2025-12-01 22:38:48,394 INFO app_logger routes:154 -  Processing message for chat chat_36ac2165941540ea
2025-12-01 22:38:48,395 INFO app_logger nodes:24 -  Input validated for chat chat_36ac2165941540ea
2025-12-01 22:38:48,462 INFO app_logger llm:23 - llm_initialized - model=openai/gpt-oss-120b, provider=groq
2025-12-01 22:38:48,462 INFO app_logger nodes:54 -  Generating response for chat chat_36ac2165941540ea
2025-12-01 22:38:48,687 INFO app_logger chat_manager:181 -  Message cached for chat_36ac2165941540ea (total: 1 msgs)
2025-12-01 22:38:48,687 INFO app_logger chat_manager:181 -  Message cached for chat_36ac2165941540ea (total: 2 msgs)
2025-12-01 22:38:48,687 INFO app_logger nodes:87 -  Response generated and cached for chat_36ac2165941540ea (10 tokens)
2025-12-01 22:38:48,688 INFO app_logger nodes:108 -  Messages remain cached for chat_36ac2165941540ea (will save on session end)
2025-12-01 22:38:49,070 INFO app_logger client:131 - run_query success (initial token) rows=3
2025-12-01 22:38:49,070 INFO app_logger chat_manager:350 -  Loaded 3 chat summaries for user 752110e1-4280-4bab-a935-2013305ed39b
2025-12-01 22:42:22,684 INFO app_logger chat_manager:96 -  Using cached chat: chat_36ac2165941540ea
2025-12-01 22:42:22,684 INFO app_logger routes:96 -  Using existing chat: chat_36ac2165941540ea
2025-12-01 22:42:22,685 INFO app_logger routes:154 -  Processing message for chat chat_36ac2165941540ea
2025-12-01 22:42:22,686 INFO app_logger nodes:24 -  Input validated for chat chat_36ac2165941540ea
2025-12-01 22:42:22,687 INFO app_logger nodes:54 -  Generating response for chat chat_36ac2165941540ea
2025-12-01 22:42:27,794 INFO app_logger chat_manager:181 -  Message cached for chat_36ac2165941540ea (total: 3 msgs)
2025-12-01 22:42:27,795 INFO app_logger chat_manager:181 -  Message cached for chat_36ac2165941540ea (total: 4 msgs)
2025-12-01 22:42:27,795 INFO app_logger nodes:87 -  Response generated and cached for chat_36ac2165941540ea (1428 tokens)
2025-12-01 22:42:27,796 INFO app_logger nodes:108 -  Messages remain cached for chat_36ac2165941540ea (will save on session end)
2025-12-01 22:42:28,408 INFO app_logger client:131 - run_query success (initial token) rows=3
2025-12-01 22:42:28,408 INFO app_logger chat_manager:350 -  Loaded 3 chat summaries for user 752110e1-4280-4bab-a935-2013305ed39b
2025-12-01 22:44:37,873 INFO app_logger graph:43 - Agent graph created successfully
2025-12-01 22:44:41,563 INFO app_logger graph:43 - Agent graph created successfully
2025-12-01 22:44:50,066 INFO app_logger graph:43 - Agent graph created successfully
2025-12-01 22:44:54,658 INFO app_logger graph:43 - Agent graph created successfully
2025-12-01 22:44:56,523 INFO app_logger graph:43 - Agent graph created successfully
2025-12-01 22:45:04,753 INFO app_logger graph:43 - Agent graph created successfully
2025-12-01 22:45:14,238 INFO app_logger chat_manager:106 -  Loading chat from DB: chat_36ac2165941540ea
2025-12-01 22:45:14,944 INFO app_logger client:131 - run_query success (initial token) rows=1
2025-12-01 22:45:15,369 INFO app_logger client:131 - run_query success (initial token) rows=0
2025-12-01 22:45:15,369 INFO app_logger routes:96 -  Using existing chat: chat_36ac2165941540ea
2025-12-01 22:45:15,369 INFO app_logger routes:154 -  Processing message for chat chat_36ac2165941540ea
2025-12-01 22:45:15,370 INFO app_logger nodes:24 -  Input validated for chat chat_36ac2165941540ea
2025-12-01 22:45:15,422 INFO app_logger llm:23 - llm_initialized - model=openai/gpt-oss-120b, provider=groq
2025-12-01 22:45:15,422 INFO app_logger nodes:54 -  Generating response for chat chat_36ac2165941540ea
2025-12-01 22:45:16,138 INFO app_logger chat_manager:181 -  Message cached for chat_36ac2165941540ea (total: 1 msgs)
2025-12-01 22:45:16,138 INFO app_logger chat_manager:181 -  Message cached for chat_36ac2165941540ea (total: 2 msgs)
2025-12-01 22:45:16,139 INFO app_logger nodes:97 -  Response generated and cached for chat_36ac2165941540ea (10 tokens)
2025-12-01 22:45:16,139 INFO app_logger nodes:118 -  Messages remain cached for chat_36ac2165941540ea (will save on session end)
2025-12-01 22:45:16,552 INFO app_logger client:131 - run_query success (initial token) rows=3
2025-12-01 22:45:16,552 INFO app_logger chat_manager:350 -  Loaded 3 chat summaries for user 752110e1-4280-4bab-a935-2013305ed39b
2025-12-02 15:43:50,772 INFO app_logger graph:53 -  Agent graph created with tool support
2025-12-02 15:43:50,798 INFO app_logger main:40 - Starting Vendor HelpDesk Agent API server...
2025-12-02 15:43:51,106 INFO app_logger graph:53 -  Agent graph created with tool support
2025-12-02 15:44:12,024 INFO app_logger client:46 - User signed in: email=vikram.dev@pwc.com (uid=752110e1-4280-4bab-a935-2013305ed39b)
2025-12-02 15:44:12,527 INFO app_logger client:131 - run_query success (initial token) rows=3
2025-12-02 15:44:12,527 INFO app_logger chat_manager:350 -  Loaded 3 chat summaries for user 752110e1-4280-4bab-a935-2013305ed39b
2025-12-02 15:44:18,209 INFO app_logger client:131 - run_query success (initial token) rows=1
2025-12-02 15:44:18,209 INFO app_logger chat_manager:62 -  Created new chat in DB: chat_e7900974750a4cfc
2025-12-02 15:44:18,209 INFO app_logger routes:105 -  Created new chat: chat_e7900974750a4cfc
2025-12-02 15:44:18,209 INFO app_logger routes:154 -  Processing message for chat chat_e7900974750a4cfc
2025-12-02 15:44:18,210 INFO app_logger nodes:30 - Input validated for chat chat_e7900974750a4cfc
2025-12-02 15:44:18,257 INFO app_logger llm:23 - llm_initialized - model=openai/gpt-oss-120b, provider=groq
2025-12-02 15:44:18,258 INFO app_logger nodes:62 -  Generating response for chat chat_e7900974750a4cfc
2025-12-02 15:44:18,696 INFO app_logger chat_manager:181 -  Message cached for chat_e7900974750a4cfc (total: 1 msgs)
2025-12-02 15:44:18,696 INFO app_logger nodes:86 -  Response generated (220 tokens)
2025-12-02 15:44:18,697 INFO app_logger nodes:183 -  Messages remain cached for chat_e7900974750a4cfc (will save on session end)
2025-12-02 15:44:19,116 INFO app_logger client:131 - run_query success (initial token) rows=4
2025-12-02 15:44:19,116 INFO app_logger chat_manager:350 -  Loaded 4 chat summaries for user 752110e1-4280-4bab-a935-2013305ed39b
2025-12-02 15:44:38,856 INFO app_logger chat_manager:96 -  Using cached chat: chat_e7900974750a4cfc
2025-12-02 15:44:38,856 INFO app_logger routes:96 -  Using existing chat: chat_e7900974750a4cfc
2025-12-02 15:44:38,856 INFO app_logger routes:154 -  Processing message for chat chat_e7900974750a4cfc
2025-12-02 15:44:38,857 INFO app_logger nodes:30 - Input validated for chat chat_e7900974750a4cfc
2025-12-02 15:44:38,859 INFO app_logger nodes:62 -  Generating response for chat chat_e7900974750a4cfc
2025-12-02 15:44:39,193 INFO app_logger chat_manager:181 -  Message cached for chat_e7900974750a4cfc (total: 2 msgs)
2025-12-02 15:44:39,193 INFO app_logger nodes:86 -  Response generated (560 tokens)
2025-12-02 15:44:39,193 INFO app_logger nodes:208 -  Routing to tool: get_invoice_details
2025-12-02 15:44:39,194 ERROR app_logger tools:28 -  Error fetching invoices: get_config
Traceback (most recent call last):
  File "/Users/vikram/Documents/projects/vendor_helpdesk_agent/agent/tools.py", line 21, in get_invoice_details
    config = RunnablePassthrough.get_config()
             ^^^^^^^^^^^^^^^^^^^^^^^^^^^^^^
  File "/Users/vikram/Documents/projects/vendor_helpdesk_agent/venv/lib/python3.11/site-packages/pydantic/_internal/_model_construction.py", line 289, in __getattr__
    raise AttributeError(item)
AttributeError: get_config
2025-12-02 15:44:39,196 INFO app_logger nodes:62 -  Generating response for chat chat_e7900974750a4cfc
2025-12-02 15:44:39,242 ERROR app_logger nodes:89 -  Error: Error code: 400 - {'error': {'message': "'messages.58' : for 'role:tool' the following must be satisfied[('messages.58.content' : one of the following must be satisfied[('messages.58.content' : value must be a string) OR ('messages.58.content' : minimum number of items is 1)])]", 'type': 'invalid_request_error'}}
Traceback (most recent call last):
  File "/Users/vikram/Documents/projects/vendor_helpdesk_agent/agent/nodes.py", line 63, in generate_response
    response = await llm_with_tools.ainvoke(full_messages, config=config)
               ^^^^^^^^^^^^^^^^^^^^^^^^^^^^^^^^^^^^^^^^^^^^^^^^^^^^^^^^^^
  File "/Users/vikram/Documents/projects/vendor_helpdesk_agent/venv/lib/python3.11/site-packages/langchain_core/runnables/base.py", line 5547, in ainvoke
    return await self.bound.ainvoke(
           ^^^^^^^^^^^^^^^^^^^^^^^^^
  File "/Users/vikram/Documents/projects/vendor_helpdesk_agent/venv/lib/python3.11/site-packages/langchain_core/language_models/chat_models.py", line 421, in ainvoke
    llm_result = await self.agenerate_prompt(
                 ^^^^^^^^^^^^^^^^^^^^^^^^^^^^
  File "/Users/vikram/Documents/projects/vendor_helpdesk_agent/venv/lib/python3.11/site-packages/langchain_core/language_models/chat_models.py", line 1128, in agenerate_prompt
    return await self.agenerate(
           ^^^^^^^^^^^^^^^^^^^^^
  File "/Users/vikram/Documents/projects/vendor_helpdesk_agent/venv/lib/python3.11/site-packages/langchain_core/language_models/chat_models.py", line 1086, in agenerate
    raise exceptions[0]
  File "/Users/vikram/Documents/projects/vendor_helpdesk_agent/venv/lib/python3.11/site-packages/langchain_core/language_models/chat_models.py", line 1339, in _agenerate_with_cache
    result = await self._agenerate(
             ^^^^^^^^^^^^^^^^^^^^^^
  File "/Users/vikram/Documents/projects/vendor_helpdesk_agent/venv/lib/python3.11/site-packages/langchain_groq/chat_models.py", line 611, in _agenerate
    response = await self.async_client.create(messages=message_dicts, **params)
               ^^^^^^^^^^^^^^^^^^^^^^^^^^^^^^^^^^^^^^^^^^^^^^^^^^^^^^^^^^^^^^^^
  File "/Users/vikram/Documents/projects/vendor_helpdesk_agent/venv/lib/python3.11/site-packages/groq/resources/chat/completions.py", line 947, in create
    return await self._post(
           ^^^^^^^^^^^^^^^^^
  File "/Users/vikram/Documents/projects/vendor_helpdesk_agent/venv/lib/python3.11/site-packages/groq/_base_client.py", line 1762, in post
    return await self.request(cast_to, opts, stream=stream, stream_cls=stream_cls)
           ^^^^^^^^^^^^^^^^^^^^^^^^^^^^^^^^^^^^^^^^^^^^^^^^^^^^^^^^^^^^^^^^^^^^^^^
  File "/Users/vikram/Documents/projects/vendor_helpdesk_agent/venv/lib/python3.11/site-packages/groq/_base_client.py", line 1576, in request
    raise self._make_status_error_from_response(err.response) from None
groq.BadRequestError: Error code: 400 - {'error': {'message': "'messages.58' : for 'role:tool' the following must be satisfied[('messages.58.content' : one of the following must be satisfied[('messages.58.content' : value must be a string) OR ('messages.58.content' : minimum number of items is 1)])]", 'type': 'invalid_request_error'}}
2025-12-02 15:44:39,245 INFO app_logger nodes:183 -  Messages remain cached for chat_e7900974750a4cfc (will save on session end)
2025-12-02 15:44:39,629 INFO app_logger client:131 - run_query success (initial token) rows=4
2025-12-02 15:44:39,629 INFO app_logger chat_manager:350 -  Loaded 4 chat summaries for user 752110e1-4280-4bab-a935-2013305ed39b
2025-12-02 15:44:54,646 INFO app_logger graph:53 -  Agent graph created with tool support
